Jan  1 00:00:18 debian-armhf kernel: imklog 5.8.11, log source = /proc/kmsg started.
Jan  1 00:00:18 debian-armhf rsyslogd: [origin software="rsyslogd" swVersion="5.8.11" x-pid="2367" x-info="http://www.rsyslog.com"] start
Jan  1 00:00:18 debian-armhf kernel: Booting Linux on physical CPU 0
Jan  1 00:00:18 debian-armhf kernel: Linux version 3.4.0-g3684991-dirty (root@Ubuntu32) (gcc version 4.8.3 20140401 (prerelease) (crosstool-NG linaro-1.13.1-4.8-2014.04 - Linaro GCC 4.8-2014.04) ) #19 SMP PREEMPT Wed Jul 29 15:41:42 CST 2015
Jan  1 00:00:18 debian-armhf kernel: CPU: ARMv7 Processor [413fc090] revision 0 (ARMv7), cr=10c53c7d
Jan  1 00:00:18 debian-armhf kernel: CPU: PIPT / VIPT nonaliasing data cache, VIPT aliasing instruction cache
Jan  1 00:00:18 debian-armhf kernel: Machine: NUFRONT-NS115-STICK
Jan  1 00:00:18 debian-armhf kernel: Ignoring unrecognised tag 0x54410008
Jan  1 00:00:18 debian-armhf kernel: cma: CMA: reserved 16 MiB at ae800000
Jan  1 00:00:18 debian-armhf kernel: Memory policy: ECC disabled, Data cache writealloc
Jan  1 00:00:18 debian-armhf kernel: --------------smp_init_cpus
Jan  1 00:00:18 debian-armhf kernel: PERCPU: Embedded 7 pages/cpu @c1084000 s6816 r8192 d13664 u32768
Jan  1 00:00:18 debian-armhf kernel: Built 1 zonelists in Zone order, mobility grouping on.  Total pages: 209090
Jan  1 00:00:18 debian-armhf kernel: Kernel command line: console=ttyS0,115200 root=/dev/mmcblk0p2 rw rootwait init=/init pmem=0xb3800000 mem=824M fbmem=64M video=nusmartfb:1280x720@60 wifiethaddr= usbethmac=${ethmac}
Jan  1 00:00:18 debian-armhf kernel: Malformed station address
Jan  1 00:00:18 debian-armhf kernel: PID hash table entries: 4096 (order: 2, 16384 bytes)
Jan  1 00:00:18 debian-armhf kernel: Dentry cache hash table entries: 131072 (order: 7, 524288 bytes)
Jan  1 00:00:18 debian-armhf kernel: Inode-cache hash table entries: 65536 (order: 6, 262144 bytes)
Jan  1 00:00:18 debian-armhf kernel: Memory: 824MB = 824MB total
Jan  1 00:00:18 debian-armhf kernel: Memory: 809572k/809572k available, 34204k reserved, 65536K highmem
Jan  1 00:00:18 debian-armhf kernel: Virtual kernel memory layout:
Jan  1 00:00:18 debian-armhf kernel:    vector  : 0xffff0000 - 0xffff1000   (   4 kB)
Jan  1 00:00:18 debian-armhf kernel:    fixmap  : 0xfff00000 - 0xfffe0000   ( 896 kB)
Jan  1 00:00:18 debian-armhf kernel:    vmalloc : 0xf0000000 - 0xff000000   ( 240 MB)
Jan  1 00:00:18 debian-armhf kernel:    lowmem  : 0xc0000000 - 0xef800000   ( 760 MB)
Jan  1 00:00:18 debian-armhf kernel:    pkmap   : 0xbfe00000 - 0xc0000000   (   2 MB)
Jan  1 00:00:18 debian-armhf kernel:    modules : 0xbf000000 - 0xbfe00000   (  14 MB)
Jan  1 00:00:18 debian-armhf kernel:      .text : 0xc0008000 - 0xc067d000   (6612 kB)
Jan  1 00:00:18 debian-armhf kernel:      .init : 0xc067d000 - 0xc06abaa0   ( 187 kB)
Jan  1 00:00:18 debian-armhf kernel:      .data : 0xc06ac000 - 0xc070b2a0   ( 381 kB)
Jan  1 00:00:18 debian-armhf kernel:       .bss : 0xc070b2c4 - 0xc093e828   (2254 kB)
Jan  1 00:00:18 debian-armhf kernel: Preemptible hierarchical RCU implementation.
Jan  1 00:00:18 debian-armhf kernel: NR_IRQS:224
Jan  1 00:00:18 debian-armhf kernel: gpio_ddr 0x00000031 0x00000000 0x40200000 0x00000000 0x00000000
Jan  1 00:00:18 debian-armhf kernel: gpiochip_add: registered GPIOs 8 to 135 on device: gpio-1
Jan  1 00:00:18 debian-armhf kernel: gpiochip_add: registered GPIOs 0 to 7 on device: gpio-0
Jan  1 00:00:18 debian-armhf kernel: sched_clock: 32 bits at 12MHz, resolution 83ns, wraps every 357913ms
Jan  1 00:00:18 debian-armhf kernel: ns115_clockevents_init, timer0, mult = 3126
Jan  1 00:00:18 debian-armhf kernel: timer mode periodic!!!!!!!!!!!!!!!!!!!!!!
Jan  1 00:00:18 debian-armhf kernel: Console: colour dummy device 80x30
Jan  1 00:00:18 debian-armhf kernel: Calibrating delay loop... 1594.16 BogoMIPS (lpj=7970816)
Jan  1 00:00:18 debian-armhf kernel: pid_max: default: 32768 minimum: 301
Jan  1 00:00:18 debian-armhf kernel: Mount-cache hash table entries: 512
Jan  1 00:00:18 debian-armhf kernel: CPU: Testing write buffer coherency: ok
Jan  1 00:00:18 debian-armhf kernel: CPU0: thread -1, cpu 0, socket 0, mpidr 80000000
Jan  1 00:00:18 debian-armhf kernel: Calibrating local timer... 399.70MHz.
Jan  1 00:00:18 debian-armhf kernel: --------------poke_milo
Jan  1 00:00:18 debian-armhf kernel: Setting up static identity map for 0x80500868 - 0x805008c0
Jan  1 00:00:18 debian-armhf kernel: L310 cache controller enabled
Jan  1 00:00:18 debian-armhf kernel: l2x0: 8 ways, CACHE_ID 0x410000c8, AUX_CTRL 0x7e460001, Cache size: 524288 B
Jan  1 00:00:18 debian-armhf kernel: --------------boot_secondary
Jan  1 00:00:18 debian-armhf kernel: CPU1: Booted secondary processor
Jan  1 00:00:18 debian-armhf kernel: platform_secondary_init(corb init): 1
Jan  1 00:00:18 debian-armhf kernel: scm configruation = 531
Jan  1 00:00:18 debian-armhf kernel: CPU1: thread -1, cpu 1, socket 0, mpidr 80000001
Jan  1 00:00:18 debian-armhf kernel: Brought up 2 CPUs
Jan  1 00:00:18 debian-armhf kernel: SMP: Total of 2 processors activated (3188.32 BogoMIPS).
Jan  1 00:00:18 debian-armhf kernel: NET: Registered protocol family 16
Jan  1 00:00:18 debian-armhf kernel: DMA: preallocated 256 KiB pool for atomic coherent allocations
Jan  1 00:00:18 debian-armhf kernel: on2_base = 0xb8000000, on2_size = 0xa000000
Jan  1 00:00:18 debian-armhf kernel: lcd_base = 0xb3800000,             lcd_size = 0x4000000
Jan  1 00:00:18 debian-armhf kernel: gpu_size = 0x16400000, ump_size = 0x9000000
Jan  1 00:00:18 debian-armhf kernel: bio: create slab <bio-0> at 0
Jan  1 00:00:18 debian-armhf kernel: SCSI subsystem initialized
Jan  1 00:00:18 debian-armhf kernel: usbcore: registered new interface driver usbfs
Jan  1 00:00:18 debian-armhf kernel: usbcore: registered new interface driver hub
Jan  1 00:00:18 debian-armhf kernel: usbcore: registered new device driver usb
Jan  1 00:00:18 debian-armhf kernel: i2c0 clock enabled.
Jan  1 00:00:18 debian-armhf kernel: i2c1 clock enabled.
Jan  1 00:00:18 debian-armhf kernel: i2c2 clock enabled.
Jan  1 00:00:18 debian-armhf kernel: i2c3 clock enabled.
Jan  1 00:00:18 debian-armhf kernel: Linux video capture interface: v2.00
Jan  1 00:00:18 debian-armhf kernel: Advanced Linux Sound Architecture Driver Version 1.0.25.
Jan  1 00:00:18 debian-armhf kernel: Sangoma WANPIPE Router v1.1 (c) 1995-2000 Sangoma Technologies Inc.
Jan  1 00:00:18 debian-armhf kernel: Bluetooth: Core ver 2.16
Jan  1 00:00:18 debian-armhf kernel: NET: Registered protocol family 31
Jan  1 00:00:18 debian-armhf kernel: Bluetooth: HCI device and connection manager initialized
Jan  1 00:00:18 debian-armhf kernel: Bluetooth: HCI socket layer initialized
Jan  1 00:00:18 debian-armhf kernel: Bluetooth: L2CAP socket layer initialized
Jan  1 00:00:18 debian-armhf kernel: Bluetooth: SCO socket layer initialized
Jan  1 00:00:18 debian-armhf kernel: cfg80211: Calling CRDA to update world regulatory domain
Jan  1 00:00:18 debian-armhf kernel: Switching to clocksource NS115 timer3
Jan  1 00:00:18 debian-armhf kernel: NET: Registered protocol family 2
Jan  1 00:00:18 debian-armhf kernel: IP route cache hash table entries: 32768 (order: 5, 131072 bytes)
Jan  1 00:00:18 debian-armhf kernel: TCP established hash table entries: 131072 (order: 8, 1048576 bytes)
Jan  1 00:00:18 debian-armhf kernel: TCP bind hash table entries: 65536 (order: 7, 786432 bytes)
Jan  1 00:00:18 debian-armhf kernel: TCP: Hash tables configured (established 131072 bind 65536)
Jan  1 00:00:18 debian-armhf kernel: TCP: reno registered
Jan  1 00:00:18 debian-armhf kernel: UDP hash table entries: 512 (order: 2, 16384 bytes)
Jan  1 00:00:18 debian-armhf kernel: UDP-Lite hash table entries: 512 (order: 2, 16384 bytes)
Jan  1 00:00:18 debian-armhf kernel: NET: Registered protocol family 1
Jan  1 00:00:18 debian-armhf kernel: RPC: Registered named UNIX socket transport module.
Jan  1 00:00:18 debian-armhf kernel: RPC: Registered udp transport module.
Jan  1 00:00:18 debian-armhf kernel: RPC: Registered tcp transport module.
Jan  1 00:00:18 debian-armhf kernel: RPC: Registered tcp NFSv4.1 backchannel transport module.
Jan  1 00:00:18 debian-armhf kernel: nusmart_dbg(debug):nusmart_dbg_create_cdev_node .. 
Jan  1 00:00:18 debian-armhf kernel: highmem bounce pool size: 64 pages
Jan  1 00:00:18 debian-armhf kernel: NFS: Registering the id_resolver key type
Jan  1 00:00:18 debian-armhf kernel: fuse init (API version 7.18)
Jan  1 00:00:18 debian-armhf kernel: msgmni has been set to 1485
Jan  1 00:00:18 debian-armhf kernel: io scheduler noop registered
Jan  1 00:00:18 debian-armhf kernel: io scheduler deadline registered (default)
Jan  1 00:00:18 debian-armhf kernel: [HDMI:wangzhi]>>StartTPI()
Jan  1 00:00:18 debian-armhf kernel: [HDMI:wangzhi]TPI_DEVICE_ID:0x9334
Jan  1 00:00:18 debian-armhf kernel: [HDMI:wangzhi]REG_TMDS_CONTROL_7:0x0
Jan  1 00:00:18 debian-armhf kernel: [HDMI:wangzhi]REG_TMDS_CONTROL_9:0x0
Jan  1 00:00:18 debian-armhf kernel: [HDMI:wangzhi]schedule_delayed_work:1
Jan  1 00:00:18 debian-armhf kernel: hdmi_pxl clock enabled.
Jan  1 00:00:18 debian-armhf kernel: disp1: VIDEO_MEM_BASE 0xb3800000(virtual 0xf1000000), VIDEO_MEM_SIZE 0x02000000(32MB)
Jan  1 00:00:18 debian-armhf kernel: parse mode option 1280 720 24
Jan  1 00:00:18 debian-armhf kernel: 1884 1280x720-24
Jan  1 00:00:18 debian-armhf kernel: mode left:220 right:110 hsync:40
Jan  1 00:00:18 debian-armhf kernel: upper:20 lower:5 vsync:5
Jan  1 00:00:18 debian-armhf kernel: sync:3
Jan  1 00:00:18 debian-armhf kernel: fb0: nusmartfb1 frame buffer device
Jan  1 00:00:18 debian-armhf kernel: uart2 clock rate set to 32000000.
Jan  1 00:00:18 debian-armhf kernel: Serial: 8250/16550 driver, 1 ports, IRQ sharing disabled
Jan  1 00:00:18 debian-armhf kernel: serial8250.0: ttyS0 at MMIO 0x6090000 (irq = 84) is a 16550A
Jan  1 00:00:18 debian-armhf kernel: console [ttyS0] enabled
Jan  1 00:00:18 debian-armhf kernel: [HDMI:wangzhi]507:HDMI_HOTPLUG_CONNECTED!
Jan  1 00:00:18 debian-armhf kernel: Change CPU clock at Auto mode
Jan  1 00:00:18 debian-armhf kernel: pll0 clock rate set to 1000000000.
Jan  1 00:00:18 debian-armhf kernel: loop: module loaded
Jan  1 00:00:18 debian-armhf kernel: sd clock rate set to 100000000.
Jan  1 00:00:18 debian-armhf kernel: slot0: f_min 400000, f_max 25000000, ocr_avial 0xff8000, caps 0x1, pm_caps 0x0
Jan  1 00:00:18 debian-armhf kernel: slot1: f_min 400000, f_max 25000000, ocr_avial 0xff8000, caps 0x101, pm_caps 0x0EDID for lcd 1:
Jan  1 00:00:18 debian-armhf kernel: 
Jan  1 00:00:18 debian-armhf kernel: 00 | 00 FF FF FF FF FF FF 00 4C 2D 60 05 39 31 59 4D
Jan  1 00:00:18 debian-armhf kernel: 10 | 2E 13 01 03 A0 29 1A 78 BA DE 95 A3 54 4C 99 26
Jan  1 00:00:18 debian-armhf kernel: 20 | 0F 50 54 BF EF 80 95 0F 81 80 81 40 71 4F 81 00
Jan  1 00:00:18 debian-armhf kernel: 30 | 01
Jan  1 00:00:18 debian-armhf kernel: slot2: f_min 400000, f_max 25000000, ocr_avial 0xff8000, caps 0x101, pm_caps 0x5 01 01
Jan  1 00:00:18 debian-armhf kernel: tun: Universal TUN/TAP device driver, 1.6
Jan  1 00:00:18 debian-armhf kernel: 01 01
Jan  1 00:00:18 debian-armhf kernel: 01 9A 29 A0
Jan  1 00:00:18 debian-armhf kernel: tun: (C) 1999-2004 Max Krasnyansky <maxk@qualcomm.com>
Jan  1 00:00:18 debian-armhf kernel: D0 51 84 22 30 50 98
Jan  1 00:00:18 debian-armhf kernel: 40 | 36 00 98 FF 10 00 00 1C 00 00 00 FD 00 38 4B 1E
Jan  1 00:00:18 debian-armhf kernel: 50 | 51 0E 00 0A 20 20 20 20 20 20 00 00 00 FC 00 53
Jan  1 00:00:18 debian-armhf kernel: 60 | 79 6E 63 4D 61 73 74 65 72 0A 20 20 00 00 00 FF
Jan  1 00:00:18 debian-armhf kernel: 70 | 00 48 56
Jan  1 00:00:18 debian-armhf kernel: PPP generic driver version 2.4.2
Jan  1 00:00:18 debian-armhf kernel: 4A 53
Jan  1 00:00:18 debian-armhf kernel: PPP BSD Compression module registered
Jan  1 00:00:18 debian-armhf kernel: 42 30 33
Jan  1 00:00:18 debian-armhf kernel: PPP Deflate Compression module registered
Jan  1 00:00:18 debian-armhf kernel: 37 39 36 0A 20 20 01 9A
Jan  1 00:00:18 debian-armhf kernel: 80 | 02 03 1B 62 23 09 7F 07 83 01 00 00 67 03 0C 00
Jan  1 00:00:18 debian-armhf kernel: PPP MPPE Compression module registered
Jan  1 00:00:18 debian-armhf kernel: NET: Registered protocol family 24
Jan  1 00:00:18 debian-armhf kernel: mmc0: host does not support reading read-only switch. assuming write-enable.
Jan  1 00:00:18 debian-armhf kernel: 90 | 20 00 80 2D 43 01 10 84 E2 00 0F 00 00 36 00 40
Jan  1 00:00:18 debian-armhf kernel: A0 | E8 63 00
Jan  1 00:00:18 debian-armhf kernel: slot0: div 2, FIN clock rate 25MHz
Jan  1 00:00:18 debian-armhf kernel: usbcore: registered new interface driver catc
Jan  1 00:00:18 debian-armhf kernel: usbcore: registered new interface driver kaweth
Jan  1 00:00:18 debian-armhf kernel: pegasus: v0.6.14 (2006/09/27), Pegasus/Pegasus II USB Ethernet driver
Jan  1 00:00:18 debian-armhf kernel: usbcore: registered new interface driver pegasus
Jan  1 00:00:18 debian-armhf kernel: usbcore: registered new interface driver rtl8150
Jan  1 00:00:18 debian-armhf kernel: hso: drivers/net/usb/hso.c: Option Wireless
Jan  1 00:00:18 debian-armhf kernel: usbcore: registered new interface driver hso
Jan  1 00:00:18 debian-armhf kernel: usbcore: registered new interface driver asix
Jan  1 00:00:18 debian-armhf kernel: usbcore: registered new interface driver cdc_ether
Jan  1 00:00:18 debian-armhf kernel: usbcore: registered new interface driver net1080
Jan  1 00:00:18 debian-armhf kernel: usbcore: registered new interface driver cdc_subset
Jan  1 00:00:18 debian-armhf kernel: usbcore: registered new interface driver zaurus
Jan  1 00:00:18 debian-armhf kernel: usbcore: registered new interface driver int51x1
Jan  1 00:00:18 debian-armhf kernel: usbcore: registered new interface driver ipheth
Jan  1 00:00:18 debian-armhf kernel: usbcore: registered new interface driver sierra_net
Jan  1 00:00:18 debian-armhf kernel: usbcore: registered new interface driver cdc_ncm
Jan  1 00:00:18 debian-armhf kernel: usbcore: registered new interface driver lg-vl600
Jan  1 00:00:18 debian-armhf kernel: ehci_hcd: USB 2.0 'Enhanced' Host Controller (EHCI) Driver
Jan  1 00:00:18 debian-armhf kernel: ns115-ehci ns115-ehci.0: Nusmart EHCI Host Controller
Jan  1 00:00:18 debian-armhf kernel: ns115-ehci ns115-ehci.0: new USB bus registered, assigned bus number 1
Jan  1 00:00:18 debian-armhf kernel: B0 | 00 40 84 63 00 00 1C 00 00 00 00 00 00 00 00 00
Jan  1 00:00:18 debian-armhf kernel: C0 | 00 00 55 00 00 00 00 00 00 00 00 00 00 00 00 00
Jan  1 00:00:18 debian-armhf kernel: D0 | 00 00 00 00 00 00 00 00 00 00 00 00 00 00 00 00
Jan  1 00:00:18 debian-armhf kernel: E0 | 00 00 00 00
Jan  1 00:00:18 debian-armhf kernel: mmc0: new SDHC card at address aaaa
Jan  1 00:00:18 debian-armhf kernel: mmcblk0: mmc0:aaaa SL32G 28.7 GiB 
Jan  1 00:00:18 debian-armhf kernel: 00
Jan  1 00:00:18 debian-armhf kernel: mmcblk0: p1 p2
Jan  1 00:00:18 debian-armhf kernel: 00 00 00 00 00 00 00 00 00 00 00
Jan  1 00:00:18 debian-armhf kernel: F0 | 00 00 00 00 00 00 00 00 00 00 00 00 00 00 00 C0
Jan  1 00:00:18 debian-armhf kernel: hdmi_hotplug_probe_lcd do lcd1 probe!
Jan  1 00:00:18 debian-armhf kernel: hdmi_edid_fetch............
Jan  1 00:00:18 debian-armhf kernel: Reserved SVD code 0
Jan  1 00:00:18 debian-armhf kernel: Reserved SVD code 81
Jan  1 00:00:18 debian-armhf kernel: Reserved SVD code 80
Jan  1 00:00:18 debian-armhf kernel: fb0: nusmartfb1 get Mode list ok! modedb len is 25!
Jan  1 00:00:18 debian-armhf kernel: modelist is empty, add 720p to it
Jan  1 00:00:18 debian-armhf kernel: xres 1280,yres 720,pixclk 13468
Jan  1 00:00:18 debian-armhf kernel: leftm 220,rm 110,um 20,lowm 5hsync 40,vsync,5
Jan  1 00:00:18 debian-armhf kernel: 1280x720-32 pixclock 13468
Jan  1 00:00:18 debian-armhf kernel: is_fb_changed 383
Jan  1 00:00:18 debian-armhf kernel: clk 74250 
Jan  1 00:00:18 debian-armhf kernel: pll4 clock rate set to 148500000.
Jan  1 00:00:18 debian-armhf kernel: pxl1 clock rate set to 74250000.
Jan  1 00:00:18 debian-armhf kernel: lcdc1 clock enabled.
Jan  1 00:00:18 debian-armhf kernel: Final set resolution rate to 1280x720-32
Jan  1 00:00:18 debian-armhf kernel: hdmi 1280x720@60HZ, pclk = 74250000
Jan  1 00:00:18 debian-armhf kernel: Change CPU clock at Auto mode
Jan  1 00:00:18 debian-armhf kernel: pll0 clock rate set to 400000000.
Jan  1 00:00:18 debian-armhf kernel: ns115-ehci ns115-ehci.0: irq 101, io mem 0x05090000
Jan  1 00:00:18 debian-armhf kernel: slot1: div 2, FIN clock rate 25MHz
Jan  1 00:00:18 debian-armhf kernel: mmc1: new MMC card at address 0001
Jan  1 00:00:18 debian-armhf kernel: mmcblk1: mmc1:0001 MMC04G 3.60 GiB 
Jan  1 00:00:18 debian-armhf kernel: ns115-ehci ns115-ehci.0: USB 0.0 started, EHCI 1.00
Jan  1 00:00:18 debian-armhf kernel: hub 1-0:1.0: USB hub found
Jan  1 00:00:18 debian-armhf kernel: hub 1-0:1.0: 2 ports detected
Jan  1 00:00:18 debian-armhf kernel: ohci_hcd: USB 1.1 'Open' Host Controller (OHCI) Driver
Jan  1 00:00:18 debian-armhf kernel: entry ohci_hcd_nusmart_probe();
Jan  1 00:00:18 debian-armhf kernel: ns115-ohci ns115-ohci.0: Nusmart OHCI
Jan  1 00:00:18 debian-armhf kernel: ns115-ohci ns115-ohci.0: new USB bus registered, assigned bus number 2
Jan  1 00:00:18 debian-armhf kernel: ns115-ohci ns115-ohci.0: irq 100, io mem 0x05080000
Jan  1 00:00:18 debian-armhf kernel: mmcblk1boot0: mmc1:0001 MMC04G partition 1 2.00 MiB
Jan  1 00:00:18 debian-armhf kernel: mmcblk1boot1: mmc1:0001 MMC04G partition 2 2.00 MiB
Jan  1 00:00:18 debian-armhf kernel: [HDMI:wangzhi]TX Power State D0
Jan  1 00:00:18 debian-armhf kernel: mmcblk1: p1 p2 p3 p4 < p5 p6 p7 p8 >
Jan  1 00:00:18 debian-armhf kernel: mmcblk1boot1: unknown partition table
Jan  1 00:00:18 debian-armhf kernel: mmcblk1boot0: unknown partition table
Jan  1 00:00:18 debian-armhf kernel: hub 2-0:1.0: USB hub found
Jan  1 00:00:18 debian-armhf kernel: hub 2-0:1.0: 2 ports detected
Jan  1 00:00:18 debian-armhf kernel: usbcore: registered new interface driver cdc_acm
Jan  1 00:00:18 debian-armhf kernel: cdc_acm: USB Abstract Control Model driver for USB modems and ISDN adapters
Jan  1 00:00:18 debian-armhf kernel: Initializing USB Mass Storage driver...
Jan  1 00:00:18 debian-armhf kernel: usbcore: registered new interface driver usb-storage
Jan  1 00:00:18 debian-armhf kernel: USB Mass Storage support registered.
Jan  1 00:00:18 debian-armhf kernel: usbcore: registered new interface driver usbserial
Jan  1 00:00:18 debian-armhf kernel: usbcore: registered new interface driver usbserial_generic
Jan  1 00:00:18 debian-armhf kernel: USB Serial support registered for generic
Jan  1 00:00:18 debian-armhf kernel: usbserial: USB Serial Driver core
Jan  1 00:00:18 debian-armhf kernel: usbcore: registered new interface driver option
Jan  1 00:00:18 debian-armhf kernel: USB Serial support registered for GSM modem (1-port)
Jan  1 00:00:18 debian-armhf kernel: dwc_otg: version 3.10a 21-DEC-2012
Jan  1 00:00:18 debian-armhf kernel: usb 1-1: new high-speed USB device number 2 using ns115-ehci
Jan  1 00:00:18 debian-armhf kernel: Core Release: 2.94a
Jan  1 00:00:18 debian-armhf kernel: Setting default values for core params
Jan  1 00:00:18 debian-armhf kernel: hub 1-1:1.0: USB hub found
Jan  1 00:00:18 debian-armhf kernel: hub 1-1:1.0: 4 ports detected
Jan  1 00:00:18 debian-armhf kernel: Change CPU clock at Auto mode
Jan  1 00:00:18 debian-armhf kernel: pll0 clock rate set to 1000000000.
Jan  1 00:00:18 debian-armhf kernel: Using Buffer DMA mode
Jan  1 00:00:18 debian-armhf kernel: Periodic Transfer Interrupt Enhancement - disabled
Jan  1 00:00:18 debian-armhf kernel: Multiprocessor Interrupt Enhancement - disabled
Jan  1 00:00:18 debian-armhf kernel: OTG VER PARAM: 0, OTG VER FLAG: 0
Jan  1 00:00:18 debian-armhf kernel: Shared Tx FIFO mode
Jan  1 00:00:18 debian-armhf kernel: android_usb gadget: Mass Storage Function, version: 2009/09/11
Jan  1 00:00:18 debian-armhf kernel: android_usb gadget: Number of LUNs=2
Jan  1 00:00:18 debian-armhf kernel: lun0: LUN: removable file: (no medium)
Jan  1 00:00:18 debian-armhf kernel: lun1: LUN: removable file: (no medium)
Jan  1 00:00:18 debian-armhf kernel: Gadget Android: controller 'dwc_otg_pcd' not recognized
Jan  1 00:00:18 debian-armhf kernel: android_usb gadget: android_usb ready
Jan  1 00:00:18 debian-armhf kernel: mousedev: PS/2 mouse device common for all mice
Jan  1 00:00:18 debian-armhf kernel: input: nusmart-gpio-keys as /devices/platform/nusmart-gpio-keys.0/input/input0
Jan  1 00:00:18 debian-armhf kernel: usbcore: registered new interface driver iforce
Jan  1 00:00:18 debian-armhf kernel: usbcore: registered new interface driver xpad
Jan  1 00:00:18 debian-armhf kernel: gsensor_kxtj9: init
Jan  1 00:00:18 debian-armhf kernel: i2c /dev entries driver
Jan  1 00:00:18 debian-armhf kernel: lirc_dev: IR Remote Control driver registered, major 250 
Jan  1 00:00:18 debian-armhf kernel: IR NEC protocol handler initialized
Jan  1 00:00:18 debian-armhf kernel: IR RC5(x) protocol handler initialized
Jan  1 00:00:18 debian-armhf kernel: IR RC6 protocol handler initialized
Jan  1 00:00:18 debian-armhf kernel: IR JVC protocol handler initialized
Jan  1 00:00:18 debian-armhf kernel: IR Sony protocol handler initialized
Jan  1 00:00:18 debian-armhf kernel: IR RC5 (streamzap) protocol handler initialized
Jan  1 00:00:18 debian-armhf kernel: IR SANYO protocol handler initialized
Jan  1 00:00:18 debian-armhf kernel: IR MCE Keyboard/mouse protocol handler initialized
Jan  1 00:00:18 debian-armhf kernel: IR LIRC bridge handler initialized
Jan  1 00:00:18 debian-armhf kernel: isp clock enabled.
Jan  1 00:00:18 debian-armhf kernel: isp power up.
Jan  1 00:00:18 debian-armhf kernel: isp power down.
Jan  1 00:00:18 debian-armhf kernel: isp clock disabled.
Jan  1 00:00:18 debian-armhf kernel: ISP base: 0xfc180000
Jan  1 00:00:18 debian-armhf kernel: soc-camera-pdrv soc-camera-pdrv.0: Probing soc-camera-pdrv.0
Jan  1 00:00:18 debian-armhf kernel: isp clock enabled.
Jan  1 00:00:18 debian-armhf kernel: isp power up.
Jan  1 00:00:18 debian-armhf kernel: Nusmart Camera driver attached to camera 0
Jan  1 00:00:18 debian-armhf kernel: alt0 clock enabled.
Jan  1 00:00:18 debian-armhf kernel: alt clock rate set to 24000000.
Jan  1 00:00:18 debian-armhf kernel: gc2145: probe of 1-003c failed with error -121
Jan  1 00:00:18 debian-armhf kernel: usb 1-1.1: new high-speed USB device number 3 using ns115-ehci
Jan  1 00:00:18 debian-armhf kernel: alt0 clock disabled.
Jan  1 00:00:18 debian-armhf kernel: isp power down.
Jan  1 00:00:18 debian-armhf kernel: isp clock disabled.
Jan  1 00:00:18 debian-armhf kernel: Nusmart Camera driver detached from camera 0
Jan  1 00:00:18 debian-armhf kernel: MRV Camera driver loaded
Jan  1 00:00:18 debian-armhf kernel: usbcore: registered new interface driver uvcvideo
Jan  1 00:00:18 debian-armhf kernel: USB Video Class driver (v1.1.0)
Jan  1 00:00:18 debian-armhf kernel: device-mapper: uevent: version 1.0.3
Jan  1 00:00:18 debian-armhf kernel: device-mapper: ioctl: 4.22.0-ioctl (2011-10-19) initialised: dm-devel@redhat.com
Jan  1 00:00:18 debian-armhf kernel: Change CPU clock at Auto mode
Jan  1 00:00:18 debian-armhf kernel: pll0 clock rate set to 800000000.
Jan  1 00:00:18 debian-armhf kernel: Bluetooth: HCI UART driver ver 2.2
Jan  1 00:00:18 debian-armhf kernel: Bluetooth: HCI H4 protocol initialized
Jan  1 00:00:18 debian-armhf kernel: Bluetooth: HCI BCSP protocol initialized
Jan  1 00:00:18 debian-armhf kernel: Bluetooth: HCILL protocol initialized
Jan  1 00:00:18 debian-armhf kernel: Bluetooth: MSM Sleep Mode Driver Ver 1.1
Jan  1 00:00:18 debian-armhf kernel: cpuidle: using governor ladder
Jan  1 00:00:18 debian-armhf kernel: cpuidle: using governor menu
Jan  1 00:00:18 debian-armhf kernel: usbcore: registered new interface driver usbhid
Jan  1 00:00:18 debian-armhf kernel: usbhid: USB HID core driver
Jan  1 00:00:18 debian-armhf kernel: scsi0 : usb-storage 1-1.1:1.0
Jan  1 00:00:18 debian-armhf kernel: usb 1-1.2: new low-speed USB device number 4 using ns115-ehci
Jan  1 00:00:18 debian-armhf kernel: input: PixArt USB Optical Mouse as /devices/platform/ns115-ehci.0/usb1/1-1/1-1.2/1-1.2:1.0/input/input1
Jan  1 00:00:18 debian-armhf kernel: generic-usb 0003:093A:2510.0001: input,hidraw0: USB HID v1.11 Mouse [PixArt USB Optical Mouse] on usb-ns115-ehci.0-1.2/input0
Jan  1 00:00:18 debian-armhf kernel: Change CPU clock at Auto mode
Jan  1 00:00:18 debian-armhf kernel: pll0 clock rate set to 400000000.
Jan  1 00:00:18 debian-armhf kernel: usb 1-1.3: new high-speed USB device number 5 using ns115-ehci
Jan  1 00:00:18 debian-armhf kernel: usb 1-1.4: new high-speed USB device number 6 using ns115-ehci
Jan  1 00:00:18 debian-armhf kernel: lirc_serial: auto-detected active high receiver
Jan  1 00:00:18 debian-armhf kernel: lirc_serial lirc_serial.0: lirc_dev: driver lirc_serial registered at minor = 0
Jan  1 00:00:18 debian-armhf kernel: ashmem: initialized
Jan  1 00:00:18 debian-armhf kernel: logger: created 256K log 'log_main'
Jan  1 00:00:18 debian-armhf kernel: logger: created 256K log 'log_events'
Jan  1 00:00:18 debian-armhf kernel: logger: created 256K log 'log_radio'
Jan  1 00:00:18 debian-armhf kernel: logger: created 256K log 'log_system'
Jan  1 00:00:18 debian-armhf kernel: usbcore: registered new interface driver snd-usb-audio
Jan  1 00:00:18 debian-armhf kernel: pll5 clock rate set to 983040000.
Jan  1 00:00:18 debian-armhf kernel: soc-audio soc-audio: ASoC machine ns115-audio should use snd_soc_register_card()
Jan  1 00:00:18 debian-armhf kernel: asix 1-1.4:1.0: eth0: register 'asix' at usb-ns115-ehci.0-1.4, ASIX AX88772 USB 2.0 Ethernet, 00:55:7b:b5:45:7a
Jan  1 00:00:18 debian-armhf kernel: scsi 0:0:0:0: Direct-Access     TOSHIBA  TransMemory      PMAP PQ: 0 ANSI: 0 CCS
Jan  1 00:00:18 debian-armhf kernel: Change CPU clock at Auto mode
Jan  1 00:00:18 debian-armhf kernel: pll0 clock rate set to 1000000000.
Jan  1 00:00:18 debian-armhf kernel: asoc: ES8388 HiFi <-> eva-i2s-dai mapping ok
Jan  1 00:00:18 debian-armhf kernel: Netfilter messages via NETLINK v0.30.
Jan  1 00:00:18 debian-armhf kernel: nf_conntrack version 0.5.0 (12905 buckets, 51620 max)
Jan  1 00:00:18 debian-armhf kernel: ctnetlink v0.93: registering with nfnetlink.
Jan  1 00:00:18 debian-armhf kernel: NF_TPROXY: Transparent proxy support initialized, version 4.1.0
Jan  1 00:00:18 debian-armhf kernel: NF_TPROXY: Copyright (c) 2006-2007 BalaBit IT Ltd.
Jan  1 00:00:18 debian-armhf kernel: ip_tables: (C) 2000-2006 Netfilter Core Team
Jan  1 00:00:18 debian-armhf kernel: TCP: cubic registered
Jan  1 00:00:18 debian-armhf kernel: Initializing XFRM netlink socket
Jan  1 00:00:18 debian-armhf kernel: NET: Registered protocol family 10
Jan  1 00:00:18 debian-armhf kernel: ip6_tables: (C) 2000-2006 Netfilter Core Team
Jan  1 00:00:18 debian-armhf kernel: IPv6 over IPv4 tunneling driver
Jan  1 00:00:18 debian-armhf kernel: NET: Registered protocol family 17
Jan  1 00:00:18 debian-armhf kernel: NET: Registered protocol family 15
Jan  1 00:00:18 debian-armhf kernel: Bluetooth: RFCOMM TTY layer initialized
Jan  1 00:00:18 debian-armhf kernel: Bluetooth: RFCOMM socket layer initialized
Jan  1 00:00:18 debian-armhf kernel: Bluetooth: RFCOMM ver 1.11
Jan  1 00:00:18 debian-armhf kernel: Bluetooth: BNEP (Ethernet Emulation) ver 1.3
Jan  1 00:00:18 debian-armhf kernel: Bluetooth: BNEP filters: protocol multicast
Jan  1 00:00:18 debian-armhf kernel: Bluetooth: HIDP (Human Interface Emulation) ver 1.2
Jan  1 00:00:18 debian-armhf kernel: L2TP core driver, V2.0
Jan  1 00:00:18 debian-armhf kernel: rfkill_gpio rfkill_gpio: bcm_rfkill device registered.
Jan  1 00:00:18 debian-armhf kernel: Registering the dns_resolver key type
Jan  1 00:00:18 debian-armhf kernel: VFP support v0.3: implementor 41 architecture 3 part 30 variant 9 rev 3
Jan  1 00:00:18 debian-armhf kernel: Power Management for NS115.
Jan  1 00:00:18 debian-armhf kernel: Power Management for NS115.finished...............
Jan  1 00:00:18 debian-armhf kernel: cpu freq:cpu voltage:0mV
Jan  1 00:00:18 debian-armhf kernel: ALSA device list:
Jan  1 00:00:18 debian-armhf kernel:  #0: ns115-audio
Jan  1 00:00:18 debian-armhf kernel: Change CPU clock at Auto mode
Jan  1 00:00:18 debian-armhf kernel: pll0 clock rate set to 400000000.
Jan  1 00:00:18 debian-armhf kernel: sd 0:0:0:0: [sda] 15622144 512-byte logical blocks: (7.99 GB/7.44 GiB)
Jan  1 00:00:18 debian-armhf kernel: sd 0:0:0:0: [sda] Write Protect is off
Jan  1 00:00:18 debian-armhf kernel: sda: sda1
Jan  1 00:00:18 debian-armhf kernel: sd 0:0:0:0: [sda] Attached SCSI removable disk
Jan  1 00:00:18 debian-armhf kernel: md: Waiting for all devices to be available before autodetect
Jan  1 00:00:18 debian-armhf kernel: md: If you don't use raid, use raid=noautodetect
Jan  1 00:00:18 debian-armhf kernel: md: Autodetecting RAID arrays.
Jan  1 00:00:18 debian-armhf kernel: md: Scanned 0 and added 0 devices.
Jan  1 00:00:18 debian-armhf kernel: md: autorun ...
Jan  1 00:00:18 debian-armhf kernel: md: ... autorun DONE.
Jan  1 00:00:18 debian-armhf kernel: EXT4-fs (mmcblk0p2): mounted filesystem with ordered data mode. Opts: (null)
Jan  1 00:00:18 debian-armhf kernel: VFS: Mounted root (ext4 filesystem) on device 179:2.
Jan  1 00:00:18 debian-armhf kernel: Freeing init memory: 184K
Jan  1 00:00:18 debian-armhf kernel: Failed to execute /init.  Attempting defaults...
Jan  1 00:00:18 debian-armhf kernel: Change CPU clock at Auto mode
Jan  1 00:00:18 debian-armhf kernel: pll0 clock rate set to 1000000000.
Jan  1 00:00:18 debian-armhf kernel: Change CPU clock at Auto mode
Jan  1 00:00:18 debian-armhf kernel: pll0 clock rate set to 800000000.
Jan  1 00:00:18 debian-armhf kernel: Change CPU clock at Auto mode
Jan  1 00:00:18 debian-armhf kernel: pll0 clock rate set to 400000000.
Jan  1 00:00:18 debian-armhf kernel: EXT4-fs (mmcblk0p2): re-mounted. Opts: (null)
Jan  1 00:00:18 debian-armhf kernel: Change CPU clock at Auto mode
Jan  1 00:00:18 debian-armhf kernel: pll0 clock rate set to 1000000000.
Jan  1 00:00:18 debian-armhf kernel: Change CPU clock at Auto mode
Jan  1 00:00:18 debian-armhf kernel: pll0 clock rate set to 400000000.
Jan  1 00:00:18 debian-armhf kernel: Change CPU clock at Auto mode
Jan  1 00:00:18 debian-armhf kernel: pll0 clock rate set to 1000000000.
Jan  1 00:00:18 debian-armhf kernel: Change CPU clock at Auto mode
Jan  1 00:00:18 debian-armhf kernel: pll0 clock rate set to 800000000.
Jan  1 00:00:18 debian-armhf kernel: Change CPU clock at Auto mode
Jan  1 00:00:18 debian-armhf kernel: pll0 clock rate set to 1000000000.
Jan  1 00:00:19 debian-armhf kernel: Change CPU clock at Auto mode
Jan  1 00:00:19 debian-armhf kernel: pll0 clock rate set to 800000000.
Jan  1 00:00:19 debian-armhf kernel: Change CPU clock at Auto mode
Jan  1 00:00:19 debian-armhf kernel: pll0 clock rate set to 400000000.
Jan  1 00:00:22 debian-armhf kernel: Change CPU clock at Auto mode
Jan  1 00:00:22 debian-armhf kernel: pll0 clock rate set to 1000000000.
Jan  1 00:00:22 debian-armhf kernel: Change CPU clock at Auto mode
Jan  1 00:00:22 debian-armhf kernel: pll0 clock rate set to 800000000.
Jan  1 00:00:23 debian-armhf kernel: Change CPU clock at Auto mode
Jan  1 00:00:23 debian-armhf kernel: pll0 clock rate set to 400000000.
Jan  1 00:01:02 debian-armhf kernel: usb 1-1.2: USB disconnect, device number 4
Jan  1 00:01:04 debian-armhf kernel: usb 1-1.2: new low-speed USB device number 7 using ns115-ehci
Jan  1 00:01:04 debian-armhf kernel: input: PixArt USB Optical Mouse as /devices/platform/ns115-ehci.0/usb1/1-1/1-1.2/1-1.2:1.0/input/input2
Jan  1 00:01:04 debian-armhf kernel: generic-usb 0003:093A:2510.0002: input,hidraw0: USB HID v1.11 Mouse [PixArt USB Optical Mouse] on usb-ns115-ehci.0-1.2/input0
Jan  1 00:02:04 debian-armhf kernel: usb 1-1.2: USB disconnect, device number 7
Jan  1 00:02:05 debian-armhf kernel: usb 1-1.2: new low-speed USB device number 8 using ns115-ehci
Jan  1 00:02:05 debian-armhf kernel: input: PixArt USB Optical Mouse as /devices/platform/ns115-ehci.0/usb1/1-1/1-1.2/1-1.2:1.0/input/input3
Jan  1 00:02:05 debian-armhf kernel: generic-usb 0003:093A:2510.0003: input,hidraw0: USB HID v1.11 Mouse [PixArt USB Optical Mouse] on usb-ns115-ehci.0-1.2/input0
Jan  1 00:02:23 debian-armhf kernel: ADDRCONF(NETDEV_UP): eth0: link is not ready
Jan  1 00:02:23 debian-armhf kernel: ADDRCONF(NETDEV_CHANGE): eth0: link becomes ready
Jan  1 00:02:23 debian-armhf kernel: asix 1-1.4:1.0: eth0: link down
Jan  1 00:02:25 debian-armhf kernel: asix 1-1.4:1.0: eth0: link up, 100Mbps, full-duplex, lpa 0xCDE1
Jan  1 00:03:05 debian-armhf kernel: usb 1-1.2: USB disconnect, device number 8
Jan  1 00:03:07 debian-armhf kernel: usb 1-1.2: new low-speed USB device number 9 using ns115-ehci
Jan  1 00:03:07 debian-armhf kernel: input: PixArt USB Optical Mouse as /devices/platform/ns115-ehci.0/usb1/1-1/1-1.2/1-1.2:1.0/input/input4
Jan  1 00:03:07 debian-armhf kernel: generic-usb 0003:093A:2510.0004: input,hidraw0: USB HID v1.11 Mouse [PixArt USB Optical Mouse] on usb-ns115-ehci.0-1.2/input0
Jan  1 00:04:00 debian-armhf kernel: kinteractiveup  D c04ff1dc     0   769      2 0x00000000
Jan  1 00:04:00 debian-armhf kernel: Backtrace: 
Jan  1 00:04:00 debian-armhf kernel: [<c04fee80>] (__schedule+0x0/0x4e0) from [<c04ff3e4>] (schedule+0x84/0x88)
Jan  1 00:04:00 debian-armhf kernel: [<c04ff360>] (schedule+0x0/0x88) from [<c0041250>] (kthread+0x7c/0xa0)
Jan  1 00:04:00 debian-armhf kernel: [<c00411d4>] (kthread+0x0/0xa0) from [<c002b714>] (do_exit+0x0/0x6d4)
Jan  1 00:04:00 debian-armhf kernel: r6:c002b714 r5:c00411d4 r4:ee031ef4
Jan  1 00:04:07 debian-armhf kernel: usb 1-1.2: USB disconnect, device number 9
Jan  1 00:04:09 debian-armhf kernel: usb 1-1.2: new low-speed USB device number 10 using ns115-ehci
Jan  1 00:04:09 debian-armhf kernel: input: PixArt USB Optical Mouse as /devices/platform/ns115-ehci.0/usb1/1-1/1-1.2/1-1.2:1.0/input/input5
Jan  1 00:04:09 debian-armhf kernel: generic-usb 0003:093A:2510.0005: input,hidraw0: USB HID v1.11 Mouse [PixArt USB Optical Mouse] on usb-ns115-ehci.0-1.2/input0
Jan  1 00:05:09 debian-armhf kernel: usb 1-1.2: USB disconnect, device number 10
Jan  1 00:05:10 debian-armhf kernel: usb 1-1.2: new low-speed USB device number 11 using ns115-ehci
Jan  1 00:05:11 debian-armhf kernel: input: PixArt USB Optical Mouse as /devices/platform/ns115-ehci.0/usb1/1-1/1-1.2/1-1.2:1.0/input/input6
Jan  1 00:05:11 debian-armhf kernel: generic-usb 0003:093A:2510.0006: input,hidraw0: USB HID v1.11 Mouse [PixArt USB Optical Mouse] on usb-ns115-ehci.0-1.2/input0
Jan  1 00:05:15 debian-armhf kernel: usb 1-1.2: USB disconnect, device number 11
Jan  1 00:06:00 debian-armhf kernel: ttyS0: 1 input overrun(s)
Jan  1 00:06:00 debian-armhf kernel: kinteractiveup  D c04ff1dc     0   769      2 0x00000000
Jan  1 00:06:00 debian-armhf kernel: Backtrace: 
Jan  1 00:06:00 debian-armhf kernel: [<c04fee80>] (__schedule+0x0/0x4e0) from [<c04ff3e4>] (schedule+0x84/0x88)
Jan  1 00:06:00 debian-armhf kernel: [<c04ff360>] (schedule+0x0/0x88) from [<c0041250>] (kthread+0x7c/0xa0)
Jan  1 00:06:00 debian-armhf kernel: [<c00411d4>] (kthread+0x0/0xa0) from [<c002b714>] (do_exit+0x0/0x6d4)
Jan  1 00:06:00 debian-armhf kernel: r6:c002b714 r5:c00411d4 r4:ee031ef4
Jan  1 00:08:00 debian-armhf kernel: kinteractiveup  D c04ff1dc     0   769      2 0x00000000
Jan  1 00:08:00 debian-armhf kernel: Backtrace: 
Jan  1 00:08:00 debian-armhf kernel: [<c04fee80>] (__schedule+0x0/0x4e0) from [<c04ff3e4>] (schedule+0x84/0x88)
Jan  1 00:08:00 debian-armhf kernel: [<c04ff360>] (schedule+0x0/0x88) from [<c0041250>] (kthread+0x7c/0xa0)
Jan  1 00:08:00 debian-armhf kernel: [<c00411d4>] (kthread+0x0/0xa0) from [<c002b714>] (do_exit+0x0/0x6d4)
Jan  1 00:08:00 debian-armhf kernel: r6:c002b714 r5:c00411d4 r4:ee031ef4
Jan  1 00:10:00 debian-armhf kernel: kinteractiveup  D c04ff1dc     0   769      2 0x00000000
Jan  1 00:10:00 debian-armhf kernel: Backtrace: 
Jan  1 00:10:00 debian-armhf kernel: [<c04fee80>] (__schedule+0x0/0x4e0) from [<c04ff3e4>] (schedule+0x84/0x88)
Jan  1 00:10:00 debian-armhf kernel: [<c04ff360>] (schedule+0x0/0x88) from [<c0041250>] (kthread+0x7c/0xa0)
Jan  1 00:10:00 debian-armhf kernel: [<c00411d4>] (kthread+0x0/0xa0) from [<c002b714>] (do_exit+0x0/0x6d4)
Jan  1 00:10:00 debian-armhf kernel: r6:c002b714 r5:c00411d4 r4:ee031ef4
Jan  1 00:12:00 debian-armhf kernel: kinteractiveup  D c04ff1dc     0   769      2 0x00000000
Jan  1 00:12:00 debian-armhf kernel: Backtrace: 
Jan  1 00:12:00 debian-armhf kernel: [<c04fee80>] (__schedule+0x0/0x4e0) from [<c04ff3e4>] (schedule+0x84/0x88)
Jan  1 00:12:00 debian-armhf kernel: [<c04ff360>] (schedule+0x0/0x88) from [<c0041250>] (kthread+0x7c/0xa0)
Jan  1 00:12:00 debian-armhf kernel: [<c00411d4>] (kthread+0x0/0xa0) from [<c002b714>] (do_exit+0x0/0x6d4)
Jan  1 00:12:00 debian-armhf kernel: r6:c002b714 r5:c00411d4 r4:ee031ef4
Jan  1 00:14:00 debian-armhf kernel: kinteractiveup  D c04ff1dc     0   769      2 0x00000000
Jan  1 00:14:00 debian-armhf kernel: Backtrace: 
Jan  1 00:14:00 debian-armhf kernel: [<c04fee80>] (__schedule+0x0/0x4e0) from [<c04ff3e4>] (schedule+0x84/0x88)
Jan  1 00:14:00 debian-armhf kernel: [<c04ff360>] (schedule+0x0/0x88) from [<c0041250>] (kthread+0x7c/0xa0)
Jan  1 00:14:00 debian-armhf kernel: [<c00411d4>] (kthread+0x0/0xa0) from [<c002b714>] (do_exit+0x0/0x6d4)
Jan  1 00:14:00 debian-armhf kernel: r6:c002b714 r5:c00411d4 r4:ee031ef4
Jan  1 00:16:00 debian-armhf kernel: kinteractiveup  D c04ff1dc     0   769      2 0x00000000
Jan  1 00:16:00 debian-armhf kernel: Backtrace: 
Jan  1 00:16:00 debian-armhf kernel: [<c04fee80>] (__schedule+0x0/0x4e0) from [<c04ff3e4>] (schedule+0x84/0x88)
Jan  1 00:16:00 debian-armhf kernel: [<c04ff360>] (schedule+0x0/0x88) from [<c0041250>] (kthread+0x7c/0xa0)
Jan  1 00:16:00 debian-armhf kernel: [<c00411d4>] (kthread+0x0/0xa0) from [<c002b714>] (do_exit+0x0/0x6d4)
Jan  1 00:16:00 debian-armhf kernel: r6:c002b714 r5:c00411d4 r4:ee031ef4
Jan  1 00:18:00 debian-armhf kernel: kinteractiveup  D c04ff1dc     0   769      2 0x00000000
Jan  1 00:18:00 debian-armhf kernel: Backtrace: 
Jan  1 00:18:00 debian-armhf kernel: [<c04fee80>] (__schedule+0x0/0x4e0) from [<c04ff3e4>] (schedule+0x84/0x88)
Jan  1 00:18:00 debian-armhf kernel: [<c04ff360>] (schedule+0x0/0x88) from [<c0041250>] (kthread+0x7c/0xa0)
Jan  1 00:18:00 debian-armhf kernel: [<c00411d4>] (kthread+0x0/0xa0) from [<c002b714>] (do_exit+0x0/0x6d4)
Jan  1 00:18:00 debian-armhf kernel: r6:c002b714 r5:c00411d4 r4:ee031ef4
Jan  1 00:20:00 debian-armhf kernel: kinteractiveup  D c04ff1dc     0   769      2 0x00000000
Jan  1 00:20:00 debian-armhf kernel: Backtrace: 
Jan  1 00:20:00 debian-armhf kernel: [<c04fee80>] (__schedule+0x0/0x4e0) from [<c04ff3e4>] (schedule+0x84/0x88)
Jan  1 00:20:00 debian-armhf kernel: [<c04ff360>] (schedule+0x0/0x88) from [<c0041250>] (kthread+0x7c/0xa0)
Jan  1 00:20:00 debian-armhf kernel: [<c00411d4>] (kthread+0x0/0xa0) from [<c002b714>] (do_exit+0x0/0x6d4)
Jan  1 00:20:00 debian-armhf kernel: r6:c002b714 r5:c00411d4 r4:ee031ef4
Jan  1 00:22:00 debian-armhf kernel: kinteractiveup  D c04ff1dc     0   769      2 0x00000000
Jan  1 00:22:00 debian-armhf kernel: Backtrace: 
Jan  1 00:22:00 debian-armhf kernel: [<c04fee80>] (__schedule+0x0/0x4e0) from [<c04ff3e4>] (schedule+0x84/0x88)
Jan  1 00:22:00 debian-armhf kernel: [<c04ff360>] (schedule+0x0/0x88) from [<c0041250>] (kthread+0x7c/0xa0)
Jan  1 00:22:00 debian-armhf kernel: [<c00411d4>] (kthread+0x0/0xa0) from [<c002b714>] (do_exit+0x0/0x6d4)
Jan  1 00:22:00 debian-armhf kernel: r6:c002b714 r5:c00411d4 r4:ee031ef4
Jan  1 00:00:17 debian-armhf kernel: imklog 5.8.11, log source = /proc/kmsg started.
Jan  1 00:00:17 debian-armhf rsyslogd: [origin software="rsyslogd" swVersion="5.8.11" x-pid="2297" x-info="http://www.rsyslog.com"] start
Jan  1 00:00:17 debian-armhf kernel: Booting Linux on physical CPU 0
Jan  1 00:00:17 debian-armhf kernel: Linux version 3.4.0-g3684991-dirty (root@Ubuntu32) (gcc version 4.8.3 20140401 (prerelease) (crosstool-NG linaro-1.13.1-4.8-2014.04 - Linaro GCC 4.8-2014.04) ) #19 SMP PREEMPT Wed Jul 29 15:41:42 CST 2015
Jan  1 00:00:17 debian-armhf kernel: CPU: ARMv7 Processor [413fc090] revision 0 (ARMv7), cr=10c53c7d
Jan  1 00:00:17 debian-armhf kernel: CPU: PIPT / VIPT nonaliasing data cache, VIPT aliasing instruction cache
Jan  1 00:00:17 debian-armhf kernel: Machine: NUFRONT-NS115-STICK
Jan  1 00:00:17 debian-armhf kernel: Ignoring unrecognised tag 0x54410008
Jan  1 00:00:17 debian-armhf kernel: cma: CMA: reserved 16 MiB at ae800000
Jan  1 00:00:17 debian-armhf kernel: Memory policy: ECC disabled, Data cache writealloc
Jan  1 00:00:17 debian-armhf kernel: --------------smp_init_cpus
Jan  1 00:00:17 debian-armhf kernel: PERCPU: Embedded 7 pages/cpu @c1084000 s6816 r8192 d13664 u32768
Jan  1 00:00:17 debian-armhf kernel: Built 1 zonelists in Zone order, mobility grouping on.  Total pages: 209090
Jan  1 00:00:17 debian-armhf kernel: Kernel command line: console=ttyS0,115200 root=/dev/mmcblk0p2 rw rootwait init=/init pmem=0xb3800000 mem=824M fbmem=64M video=nusmartfb:1280x720@60 wifiethaddr= usbethmac=${ethmac}
Jan  1 00:00:17 debian-armhf kernel: Malformed station address
Jan  1 00:00:17 debian-armhf kernel: PID hash table entries: 4096 (order: 2, 16384 bytes)
Jan  1 00:00:17 debian-armhf kernel: Dentry cache hash table entries: 131072 (order: 7, 524288 bytes)
Jan  1 00:00:17 debian-armhf kernel: Inode-cache hash table entries: 65536 (order: 6, 262144 bytes)
Jan  1 00:00:17 debian-armhf kernel: Memory: 824MB = 824MB total
Jan  1 00:00:17 debian-armhf kernel: Memory: 809572k/809572k available, 34204k reserved, 65536K highmem
Jan  1 00:00:17 debian-armhf kernel: Virtual kernel memory layout:
Jan  1 00:00:17 debian-armhf kernel:    vector  : 0xffff0000 - 0xffff1000   (   4 kB)
Jan  1 00:00:17 debian-armhf kernel:    fixmap  : 0xfff00000 - 0xfffe0000   ( 896 kB)
Jan  1 00:00:17 debian-armhf kernel:    vmalloc : 0xf0000000 - 0xff000000   ( 240 MB)
Jan  1 00:00:17 debian-armhf kernel:    lowmem  : 0xc0000000 - 0xef800000   ( 760 MB)
Jan  1 00:00:17 debian-armhf kernel:    pkmap   : 0xbfe00000 - 0xc0000000   (   2 MB)
Jan  1 00:00:17 debian-armhf kernel:    modules : 0xbf000000 - 0xbfe00000   (  14 MB)
Jan  1 00:00:17 debian-armhf kernel:      .text : 0xc0008000 - 0xc067d000   (6612 kB)
Jan  1 00:00:17 debian-armhf kernel:      .init : 0xc067d000 - 0xc06abaa0   ( 187 kB)
Jan  1 00:00:17 debian-armhf kernel:      .data : 0xc06ac000 - 0xc070b2a0   ( 381 kB)
Jan  1 00:00:17 debian-armhf kernel:       .bss : 0xc070b2c4 - 0xc093e828   (2254 kB)
Jan  1 00:00:17 debian-armhf kernel: Preemptible hierarchical RCU implementation.
Jan  1 00:00:17 debian-armhf kernel: NR_IRQS:224
Jan  1 00:00:17 debian-armhf kernel: gpio_ddr 0x00000031 0x00000000 0x40200000 0x00000000 0x00000000
Jan  1 00:00:17 debian-armhf kernel: gpiochip_add: registered GPIOs 8 to 135 on device: gpio-1
Jan  1 00:00:17 debian-armhf kernel: gpiochip_add: registered GPIOs 0 to 7 on device: gpio-0
Jan  1 00:00:17 debian-armhf kernel: sched_clock: 32 bits at 12MHz, resolution 83ns, wraps every 357913ms
Jan  1 00:00:17 debian-armhf kernel: ns115_clockevents_init, timer0, mult = 3126
Jan  1 00:00:17 debian-armhf kernel: timer mode periodic!!!!!!!!!!!!!!!!!!!!!!
Jan  1 00:00:17 debian-armhf kernel: Console: colour dummy device 80x30
Jan  1 00:00:17 debian-armhf kernel: Calibrating delay loop... 1594.16 BogoMIPS (lpj=7970816)
Jan  1 00:00:17 debian-armhf kernel: pid_max: default: 32768 minimum: 301
Jan  1 00:00:17 debian-armhf kernel: Mount-cache hash table entries: 512
Jan  1 00:00:17 debian-armhf kernel: CPU: Testing write buffer coherency: ok
Jan  1 00:00:17 debian-armhf kernel: CPU0: thread -1, cpu 0, socket 0, mpidr 80000000
Jan  1 00:00:17 debian-armhf kernel: Calibrating local timer... 399.70MHz.
Jan  1 00:00:17 debian-armhf kernel: --------------poke_milo
Jan  1 00:00:17 debian-armhf kernel: Setting up static identity map for 0x80500868 - 0x805008c0
Jan  1 00:00:17 debian-armhf kernel: L310 cache controller enabled
Jan  1 00:00:17 debian-armhf kernel: l2x0: 8 ways, CACHE_ID 0x410000c8, AUX_CTRL 0x7e460001, Cache size: 524288 B
Jan  1 00:00:17 debian-armhf kernel: --------------boot_secondary
Jan  1 00:00:17 debian-armhf kernel: CPU1: Booted secondary processor
Jan  1 00:00:17 debian-armhf kernel: platform_secondary_init(corb init): 1
Jan  1 00:00:17 debian-armhf kernel: scm configruation = 531
Jan  1 00:00:17 debian-armhf kernel: CPU1: thread -1, cpu 1, socket 0, mpidr 80000001
Jan  1 00:00:17 debian-armhf kernel: Brought up 2 CPUs
Jan  1 00:00:17 debian-armhf kernel: SMP: Total of 2 processors activated (3188.32 BogoMIPS).
Jan  1 00:00:17 debian-armhf kernel: NET: Registered protocol family 16
Jan  1 00:00:17 debian-armhf kernel: DMA: preallocated 256 KiB pool for atomic coherent allocations
Jan  1 00:00:17 debian-armhf kernel: on2_base = 0xb8000000, on2_size = 0xa000000
Jan  1 00:00:17 debian-armhf kernel: lcd_base = 0xb3800000,             lcd_size = 0x4000000
Jan  1 00:00:17 debian-armhf kernel: gpu_size = 0x16400000, ump_size = 0x9000000
Jan  1 00:00:17 debian-armhf kernel: bio: create slab <bio-0> at 0
Jan  1 00:00:17 debian-armhf kernel: SCSI subsystem initialized
Jan  1 00:00:17 debian-armhf kernel: usbcore: registered new interface driver usbfs
Jan  1 00:00:17 debian-armhf kernel: usbcore: registered new interface driver hub
Jan  1 00:00:17 debian-armhf kernel: usbcore: registered new device driver usb
Jan  1 00:00:17 debian-armhf kernel: i2c0 clock enabled.
Jan  1 00:00:17 debian-armhf kernel: i2c1 clock enabled.
Jan  1 00:00:17 debian-armhf kernel: i2c2 clock enabled.
Jan  1 00:00:17 debian-armhf kernel: i2c3 clock enabled.
Jan  1 00:00:17 debian-armhf kernel: Linux video capture interface: v2.00
Jan  1 00:00:17 debian-armhf kernel: Advanced Linux Sound Architecture Driver Version 1.0.25.
Jan  1 00:00:17 debian-armhf kernel: Sangoma WANPIPE Router v1.1 (c) 1995-2000 Sangoma Technologies Inc.
Jan  1 00:00:17 debian-armhf kernel: Bluetooth: Core ver 2.16
Jan  1 00:00:17 debian-armhf kernel: NET: Registered protocol family 31
Jan  1 00:00:17 debian-armhf kernel: Bluetooth: HCI device and connection manager initialized
Jan  1 00:00:17 debian-armhf kernel: Bluetooth: HCI socket layer initialized
Jan  1 00:00:17 debian-armhf kernel: Bluetooth: L2CAP socket layer initialized
Jan  1 00:00:17 debian-armhf kernel: Bluetooth: SCO socket layer initialized
Jan  1 00:00:17 debian-armhf kernel: cfg80211: Calling CRDA to update world regulatory domain
Jan  1 00:00:17 debian-armhf kernel: Switching to clocksource NS115 timer3
Jan  1 00:00:17 debian-armhf kernel: NET: Registered protocol family 2
Jan  1 00:00:17 debian-armhf kernel: IP route cache hash table entries: 32768 (order: 5, 131072 bytes)
Jan  1 00:00:17 debian-armhf kernel: TCP established hash table entries: 131072 (order: 8, 1048576 bytes)
Jan  1 00:00:17 debian-armhf kernel: TCP bind hash table entries: 65536 (order: 7, 786432 bytes)
Jan  1 00:00:17 debian-armhf kernel: TCP: Hash tables configured (established 131072 bind 65536)
Jan  1 00:00:17 debian-armhf kernel: TCP: reno registered
Jan  1 00:00:17 debian-armhf kernel: UDP hash table entries: 512 (order: 2, 16384 bytes)
Jan  1 00:00:17 debian-armhf kernel: UDP-Lite hash table entries: 512 (order: 2, 16384 bytes)
Jan  1 00:00:17 debian-armhf kernel: NET: Registered protocol family 1
Jan  1 00:00:17 debian-armhf kernel: RPC: Registered named UNIX socket transport module.
Jan  1 00:00:17 debian-armhf kernel: RPC: Registered udp transport module.
Jan  1 00:00:17 debian-armhf kernel: RPC: Registered tcp transport module.
Jan  1 00:00:17 debian-armhf kernel: RPC: Registered tcp NFSv4.1 backchannel transport module.
Jan  1 00:00:17 debian-armhf kernel: nusmart_dbg(debug):nusmart_dbg_create_cdev_node .. 
Jan  1 00:00:17 debian-armhf kernel: highmem bounce pool size: 64 pages
Jan  1 00:00:17 debian-armhf kernel: NFS: Registering the id_resolver key type
Jan  1 00:00:17 debian-armhf kernel: fuse init (API version 7.18)
Jan  1 00:00:17 debian-armhf kernel: msgmni has been set to 1485
Jan  1 00:00:17 debian-armhf kernel: io scheduler noop registered
Jan  1 00:00:17 debian-armhf kernel: io scheduler deadline registered (default)
Jan  1 00:00:17 debian-armhf kernel: [HDMI:wangzhi]>>StartTPI()
Jan  1 00:00:17 debian-armhf kernel: [HDMI:wangzhi]TPI_DEVICE_ID:0x9334
Jan  1 00:00:17 debian-armhf kernel: [HDMI:wangzhi]REG_TMDS_CONTROL_7:0x0
Jan  1 00:00:17 debian-armhf kernel: [HDMI:wangzhi]REG_TMDS_CONTROL_9:0x0
Jan  1 00:00:17 debian-armhf kernel: hdmi_pxl clock enabled.
Jan  1 00:00:17 debian-armhf kernel: disp1: VIDEO_MEM_BASE 0xb3800000(virtual 0xf1000000), VIDEO_MEM_SIZE 0x02000000(32MB)
Jan  1 00:00:17 debian-armhf kernel: parse mode option 1280 720 24
Jan  1 00:00:17 debian-armhf kernel: 1884 1280x720-24
Jan  1 00:00:17 debian-armhf kernel: mode left:220 right:110 hsync:40
Jan  1 00:00:17 debian-armhf kernel: upper:20 lower:5 vsync:5
Jan  1 00:00:17 debian-armhf kernel: sync:3
Jan  1 00:00:17 debian-armhf kernel: fb0: nusmartfb1 frame buffer device
Jan  1 00:00:17 debian-armhf kernel: uart2 clock rate set to 32000000.
Jan  1 00:00:17 debian-armhf kernel: Serial: 8250/16550 driver, 1 ports, IRQ sharing disabled
Jan  1 00:00:17 debian-armhf kernel: serial8250.0: ttyS0 at MMIO 0x6090000 (irq = 84) is a 16550A
Jan  1 00:00:17 debian-armhf kernel: Change CPU clock at Auto mode
Jan  1 00:00:17 debian-armhf kernel: pll0 clock rate set to 1000000000.
Jan  1 00:00:17 debian-armhf kernel: console [ttyS0] enabled
Jan  1 00:00:17 debian-armhf kernel: loop: module loaded
Jan  1 00:00:17 debian-armhf kernel: sd clock rate set to 100000000.
Jan  1 00:00:17 debian-armhf kernel: slot0: f_min 400000, f_max 25000000, ocr_avial 0xff8000, caps 0x1, pm_caps 0x0
Jan  1 00:00:17 debian-armhf kernel: slot1: f_min 400000, f_max 25000000, ocr_avial 0xff8000, caps 0x101, pm_caps 0x0
Jan  1 00:00:17 debian-armhf kernel: slot2: f_min 400000, f_max 25000000, ocr_avial 0xff8000, caps 0x101, pm_caps 0x5
Jan  1 00:00:17 debian-armhf kernel: tun: Universal TUN/TAP device driver, 1.6
Jan  1 00:00:17 debian-armhf kernel: tun: (C) 1999-2004 Max Krasnyansky <maxk@qualcomm.com>
Jan  1 00:00:17 debian-armhf kernel: PPP generic driver version 2.4.2
Jan  1 00:00:17 debian-armhf kernel: PPP BSD Compression module registered
Jan  1 00:00:17 debian-armhf kernel: PPP Deflate Compression module registered
Jan  1 00:00:17 debian-armhf kernel: PPP MPPE Compression module registered
Jan  1 00:00:17 debian-armhf kernel: NET: Registered protocol family 24
Jan  1 00:00:17 debian-armhf kernel: usbcore: registered new interface driver catc
Jan  1 00:00:17 debian-armhf kernel: usbcore: registered new interface driver kaweth
Jan  1 00:00:17 debian-armhf kernel: pegasus: v0.6.14 (2006/09/27), Pegasus/Pegasus II USB Ethernet driver
Jan  1 00:00:17 debian-armhf kernel: usbcore: registered new interface driver pegasus
Jan  1 00:00:17 debian-armhf kernel: usbcore: registered new interface driver rtl8150
Jan  1 00:00:17 debian-armhf kernel: hso: drivers/net/usb/hso.c: Option Wireless
Jan  1 00:00:17 debian-armhf kernel: usbcore: registered new interface driver hso
Jan  1 00:00:17 debian-armhf kernel: usbcore: registered new interface driver asix
Jan  1 00:00:17 debian-armhf kernel: usbcore: registered new interface driver cdc_ether
Jan  1 00:00:17 debian-armhf kernel: usbcore: registered new interface driver net1080
Jan  1 00:00:17 debian-armhf kernel: usbcore: registered new interface driver cdc_subset
Jan  1 00:00:17 debian-armhf kernel: usbcore: registered new interface driver zaurus
Jan  1 00:00:17 debian-armhf kernel: mmc0: host does not support reading read-only switch. assuming write-enable.
Jan  1 00:00:17 debian-armhf kernel: slot0: div 2, FIN clock rate 25MHz
Jan  1 00:00:17 debian-armhf kernel: mmc0: new SDHC card at address aaaa
Jan  1 00:00:17 debian-armhf kernel: usbcore: registered new interface driver int51x1
Jan  1 00:00:17 debian-armhf kernel: mmcblk0: mmc0:aaaa SL32G 28.7 GiB 
Jan  1 00:00:17 debian-armhf kernel: usbcore: registered new interface driver ipheth
Jan  1 00:00:17 debian-armhf kernel: mmcblk0: p1 p2
Jan  1 00:00:17 debian-armhf kernel: usbcore: registered new interface driver sierra_net
Jan  1 00:00:17 debian-armhf kernel: usbcore: registered new interface driver cdc_ncm
Jan  1 00:00:17 debian-armhf kernel: usbcore: registered new interface driver lg-vl600
Jan  1 00:00:17 debian-armhf kernel: ehci_hcd: USB 2.0 'Enhanced' Host Controller (EHCI) Driver
Jan  1 00:00:17 debian-armhf kernel: ns115-ehci ns115-ehci.0: Nusmart EHCI Host Controller
Jan  1 00:00:17 debian-armhf kernel: ns115-ehci ns115-ehci.0: new USB bus registered, assigned bus number 1
Jan  1 00:00:17 debian-armhf kernel: ns115-ehci ns115-ehci.0: irq 101, io mem 0x05090000
Jan  1 00:00:17 debian-armhf kernel: ns115-ehci ns115-ehci.0: USB 0.0 started, EHCI 1.00
Jan  1 00:00:17 debian-armhf kernel: slot1: div 2, FIN clock rate 25MHz
Jan  1 00:00:17 debian-armhf kernel: hub 1-0:1.0: USB hub found
Jan  1 00:00:17 debian-armhf kernel: hub 1-0:1.0: 2 ports detected
Jan  1 00:00:17 debian-armhf kernel: ohci_hcd: USB 1.1 'Open' Host Controller (OHCI) Driver
Jan  1 00:00:17 debian-armhf kernel: entry ohci_hcd_nusmart_probe();
Jan  1 00:00:17 debian-armhf kernel: ns115-ohci ns115-ohci.0: Nusmart OHCI
Jan  1 00:00:17 debian-armhf kernel: ns115-ohci ns115-ohci.0: new USB bus registered, assigned bus number 2
Jan  1 00:00:17 debian-armhf kernel: ns115-ohci ns115-ohci.0: irq 100, io mem 0x05080000
Jan  1 00:00:17 debian-armhf kernel: mmc1: new MMC card at address 0001
Jan  1 00:00:17 debian-armhf kernel: mmcblk1: mmc1:0001 MMC04G 3.60 GiB 
Jan  1 00:00:17 debian-armhf kernel: mmcblk1boot0: mmc1:0001 MMC04G partition 1 2.00 MiB
Jan  1 00:00:17 debian-armhf kernel: mmcblk1boot1: mmc1:0001 MMC04G partition 2 2.00 MiB
Jan  1 00:00:17 debian-armhf kernel: mmcblk1: p1 p2 p3 p4 < p5 p6 p7 p8 >
Jan  1 00:00:17 debian-armhf kernel: mmcblk1boot1: unknown partition table
Jan  1 00:00:17 debian-armhf kernel: mmcblk1boot0: unknown partition table
Jan  1 00:00:17 debian-armhf kernel: hub 2-0:1.0: USB hub found
Jan  1 00:00:17 debian-armhf kernel: hub 2-0:1.0: 2 ports detected
Jan  1 00:00:17 debian-armhf kernel: Change CPU clock at Auto mode
Jan  1 00:00:17 debian-armhf kernel: usbcore: registered new interface driver cdc_acm
Jan  1 00:00:17 debian-armhf kernel: cdc_acm: USB Abstract Control Model driver for USB modems and ISDN adapters
Jan  1 00:00:17 debian-armhf kernel: Initializing USB Mass Storage driver...
Jan  1 00:00:17 debian-armhf kernel: usbcore: registered new interface driver usb-storage
Jan  1 00:00:17 debian-armhf kernel: USB Mass Storage support registered.
Jan  1 00:00:17 debian-armhf kernel: usbcore: registered new interface driver usbserial
Jan  1 00:00:17 debian-armhf kernel: usbcore: registered new interface driver usbserial_generic
Jan  1 00:00:17 debian-armhf kernel: USB Serial support registered for generic
Jan  1 00:00:17 debian-armhf kernel: usbserial: USB Serial Driver core
Jan  1 00:00:17 debian-armhf kernel: usbcore: registered new interface driver option
Jan  1 00:00:17 debian-armhf kernel: USB Serial support registered for GSM modem (1-port)
Jan  1 00:00:17 debian-armhf kernel: dwc_otg: version 3.10a 21-DEC-2012
Jan  1 00:00:17 debian-armhf kernel: pll0 clock rate set to 800000000.
Jan  1 00:00:17 debian-armhf kernel: Core Release: 2.94a
Jan  1 00:00:17 debian-armhf kernel: Setting default values for core params
Jan  1 00:00:17 debian-armhf kernel: usb 1-1: new high-speed USB device number 2 using ns115-ehci
Jan  1 00:00:17 debian-armhf kernel: Change CPU clock at Auto mode
Jan  1 00:00:17 debian-armhf kernel: pll0 clock rate set to 1000000000.
Jan  1 00:00:17 debian-armhf kernel: hub 1-1:1.0: USB hub found
Jan  1 00:00:17 debian-armhf kernel: hub 1-1:1.0: 4 ports detected
Jan  1 00:00:17 debian-armhf kernel: Using Buffer DMA mode
Jan  1 00:00:17 debian-armhf kernel: Periodic Transfer Interrupt Enhancement - disabled
Jan  1 00:00:17 debian-armhf kernel: Multiprocessor Interrupt Enhancement - disabled
Jan  1 00:00:17 debian-armhf kernel: OTG VER PARAM: 0, OTG VER FLAG: 0
Jan  1 00:00:17 debian-armhf kernel: Shared Tx FIFO mode
Jan  1 00:00:17 debian-armhf kernel: android_usb gadget: Mass Storage Function, version: 2009/09/11
Jan  1 00:00:17 debian-armhf kernel: android_usb gadget: Number of LUNs=2
Jan  1 00:00:17 debian-armhf kernel: lun0: LUN: removable file: (no medium)
Jan  1 00:00:17 debian-armhf kernel: lun1: LUN: removable file: (no medium)
Jan  1 00:00:17 debian-armhf kernel: Gadget Android: controller 'dwc_otg_pcd' not recognized
Jan  1 00:00:17 debian-armhf kernel: android_usb gadget: android_usb ready
Jan  1 00:00:17 debian-armhf kernel: mousedev: PS/2 mouse device common for all mice
Jan  1 00:00:17 debian-armhf kernel: input: nusmart-gpio-keys as /devices/platform/nusmart-gpio-keys.0/input/input0
Jan  1 00:00:17 debian-armhf kernel: usbcore: registered new interface driver iforce
Jan  1 00:00:17 debian-armhf kernel: usbcore: registered new interface driver xpad
Jan  1 00:00:17 debian-armhf kernel: gsensor_kxtj9: init
Jan  1 00:00:17 debian-armhf kernel: i2c /dev entries driver
Jan  1 00:00:17 debian-armhf kernel: lirc_dev: IR Remote Control driver registered, major 250 
Jan  1 00:00:17 debian-armhf kernel: IR NEC protocol handler initialized
Jan  1 00:00:17 debian-armhf kernel: IR RC5(x) protocol handler initialized
Jan  1 00:00:17 debian-armhf kernel: IR RC6 protocol handler initialized
Jan  1 00:00:17 debian-armhf kernel: IR JVC protocol handler initialized
Jan  1 00:00:17 debian-armhf kernel: IR Sony protocol handler initialized
Jan  1 00:00:17 debian-armhf kernel: IR RC5 (streamzap) protocol handler initialized
Jan  1 00:00:17 debian-armhf kernel: IR SANYO protocol handler initialized
Jan  1 00:00:17 debian-armhf kernel: IR MCE Keyboard/mouse protocol handler initialized
Jan  1 00:00:17 debian-armhf kernel: IR LIRC bridge handler initialized
Jan  1 00:00:17 debian-armhf kernel: isp clock enabled.
Jan  1 00:00:17 debian-armhf kernel: isp power up.
Jan  1 00:00:17 debian-armhf kernel: isp power down.
Jan  1 00:00:17 debian-armhf kernel: isp clock disabled.
Jan  1 00:00:17 debian-armhf kernel: ISP base: 0xfc180000
Jan  1 00:00:17 debian-armhf kernel: soc-camera-pdrv soc-camera-pdrv.0: Probing soc-camera-pdrv.0
Jan  1 00:00:17 debian-armhf kernel: isp clock enabled.
Jan  1 00:00:17 debian-armhf kernel: isp power up.
Jan  1 00:00:17 debian-armhf kernel: Nusmart Camera driver attached to camera 0
Jan  1 00:00:17 debian-armhf kernel: alt0 clock enabled.
Jan  1 00:00:17 debian-armhf kernel: alt clock rate set to 24000000.
Jan  1 00:00:17 debian-armhf kernel: gc2145: probe of 1-003c failed with error -121
Jan  1 00:00:17 debian-armhf kernel: alt0 clock disabled.
Jan  1 00:00:17 debian-armhf kernel: isp power down.
Jan  1 00:00:17 debian-armhf kernel: isp clock disabled.
Jan  1 00:00:17 debian-armhf kernel: Nusmart Camera driver detached from camera 0
Jan  1 00:00:17 debian-armhf kernel: MRV Camera driver loaded
Jan  1 00:00:17 debian-armhf kernel: usbcore: registered new interface driver uvcvideo
Jan  1 00:00:17 debian-armhf kernel: USB Video Class driver (v1.1.0)
Jan  1 00:00:17 debian-armhf kernel: device-mapper: uevent: version 1.0.3
Jan  1 00:00:17 debian-armhf kernel: device-mapper: ioctl: 4.22.0-ioctl (2011-10-19) initialised: dm-devel@redhat.com
Jan  1 00:00:17 debian-armhf kernel: Bluetooth: HCI UART driver ver 2.2
Jan  1 00:00:17 debian-armhf kernel: Bluetooth: HCI H4 protocol initialized
Jan  1 00:00:17 debian-armhf kernel: Bluetooth: HCI BCSP protocol initialized
Jan  1 00:00:17 debian-armhf kernel: usb 1-1.3: new high-speed USB device number 3 using ns115-ehci
Jan  1 00:00:17 debian-armhf kernel: Bluetooth: HCILL protocol initialized
Jan  1 00:00:17 debian-armhf kernel: Bluetooth: MSM Sleep Mode Driver Ver 1.1
Jan  1 00:00:17 debian-armhf kernel: cpuidle: using governor ladder
Jan  1 00:00:17 debian-armhf kernel: cpuidle: using governor menu
Jan  1 00:00:17 debian-armhf kernel: usbcore: registered new interface driver usbhid
Jan  1 00:00:17 debian-armhf kernel: usbhid: USB HID core driver
Jan  1 00:00:17 debian-armhf kernel: usb 1-1.4: new high-speed USB device number 4 using ns115-ehci
Jan  1 00:00:17 debian-armhf kernel: Change CPU clock at Auto mode
Jan  1 00:00:17 debian-armhf kernel: pll0 clock rate set to 800000000.
Jan  1 00:00:17 debian-armhf kernel: Change CPU clock at Auto mode
Jan  1 00:00:17 debian-armhf kernel: pll0 clock rate set to 400000000.
Jan  1 00:00:17 debian-armhf kernel: asix 1-1.4:1.0: eth0: register 'asix' at usb-ns115-ehci.0-1.4, ASIX AX88772 USB 2.0 Ethernet, 00:55:7b:b5:45:7a
Jan  1 00:00:17 debian-armhf kernel: lirc_serial: auto-detected active high receiver
Jan  1 00:00:17 debian-armhf kernel: lirc_serial lirc_serial.0: lirc_dev: driver lirc_serial registered at minor = 0
Jan  1 00:00:17 debian-armhf kernel: ashmem: initialized
Jan  1 00:00:17 debian-armhf kernel: logger: created 256K log 'log_main'
Jan  1 00:00:17 debian-armhf kernel: logger: created 256K log 'log_events'
Jan  1 00:00:17 debian-armhf kernel: logger: created 256K log 'log_radio'
Jan  1 00:00:17 debian-armhf kernel: logger: created 256K log 'log_system'
Jan  1 00:00:17 debian-armhf kernel: usbcore: registered new interface driver snd-usb-audio
Jan  1 00:00:17 debian-armhf kernel: pll5 clock rate set to 983040000.
Jan  1 00:00:17 debian-armhf kernel: soc-audio soc-audio: ASoC machine ns115-audio should use snd_soc_register_card()
Jan  1 00:00:17 debian-armhf kernel: Change CPU clock at Auto mode
Jan  1 00:00:17 debian-armhf kernel: pll0 clock rate set to 1000000000.
Jan  1 00:00:17 debian-armhf kernel: asoc: ES8388 HiFi <-> eva-i2s-dai mapping ok
Jan  1 00:00:17 debian-armhf kernel: Netfilter messages via NETLINK v0.30.
Jan  1 00:00:17 debian-armhf kernel: nf_conntrack version 0.5.0 (12905 buckets, 51620 max)
Jan  1 00:00:17 debian-armhf kernel: ctnetlink v0.93: registering with nfnetlink.
Jan  1 00:00:17 debian-armhf kernel: NF_TPROXY: Transparent proxy support initialized, version 4.1.0
Jan  1 00:00:17 debian-armhf kernel: NF_TPROXY: Copyright (c) 2006-2007 BalaBit IT Ltd.
Jan  1 00:00:17 debian-armhf kernel: ip_tables: (C) 2000-2006 Netfilter Core Team
Jan  1 00:00:17 debian-armhf kernel: TCP: cubic registered
Jan  1 00:00:17 debian-armhf kernel: Initializing XFRM netlink socket
Jan  1 00:00:17 debian-armhf kernel: NET: Registered protocol family 10
Jan  1 00:00:17 debian-armhf kernel: ip6_tables: (C) 2000-2006 Netfilter Core Team
Jan  1 00:00:17 debian-armhf kernel: IPv6 over IPv4 tunneling driver
Jan  1 00:00:17 debian-armhf kernel: NET: Registered protocol family 17
Jan  1 00:00:17 debian-armhf kernel: NET: Registered protocol family 15
Jan  1 00:00:17 debian-armhf kernel: Bluetooth: RFCOMM TTY layer initialized
Jan  1 00:00:17 debian-armhf kernel: Bluetooth: RFCOMM socket layer initialized
Jan  1 00:00:17 debian-armhf kernel: Bluetooth: RFCOMM ver 1.11
Jan  1 00:00:17 debian-armhf kernel: Bluetooth: BNEP (Ethernet Emulation) ver 1.3
Jan  1 00:00:17 debian-armhf kernel: Bluetooth: BNEP filters: protocol multicast
Jan  1 00:00:17 debian-armhf kernel: Bluetooth: HIDP (Human Interface Emulation) ver 1.2
Jan  1 00:00:17 debian-armhf kernel: L2TP core driver, V2.0
Jan  1 00:00:17 debian-armhf kernel: rfkill_gpio rfkill_gpio: bcm_rfkill device registered.
Jan  1 00:00:17 debian-armhf kernel: Registering the dns_resolver key type
Jan  1 00:00:17 debian-armhf kernel: VFP support v0.3: implementor 41 architecture 3 part 30 variant 9 rev 3
Jan  1 00:00:17 debian-armhf kernel: Power Management for NS115.
Jan  1 00:00:17 debian-armhf kernel: Power Management for NS115.finished...............
Jan  1 00:00:17 debian-armhf kernel: cpu freq:cpu voltage:0mV
Jan  1 00:00:17 debian-armhf kernel: ALSA device list:
Jan  1 00:00:17 debian-armhf kernel:  #0: ns115-audio
Jan  1 00:00:17 debian-armhf kernel: md: Waiting for all devices to be available before autodetect
Jan  1 00:00:17 debian-armhf kernel: md: If you don't use raid, use raid=noautodetect
Jan  1 00:00:17 debian-armhf kernel: md: Autodetecting RAID arrays.
Jan  1 00:00:17 debian-armhf kernel: md: Scanned 0 and added 0 devices.
Jan  1 00:00:17 debian-armhf kernel: md: autorun ...
Jan  1 00:00:17 debian-armhf kernel: md: ... autorun DONE.
Jan  1 00:00:17 debian-armhf kernel: Change CPU clock at Auto mode
Jan  1 00:00:17 debian-armhf kernel: pll0 clock rate set to 400000000.
Jan  1 00:00:17 debian-armhf kernel: EXT4-fs (mmcblk0p2): recovery complete
Jan  1 00:00:17 debian-armhf kernel: EXT4-fs (mmcblk0p2): mounted filesystem with ordered data mode. Opts: (null)
Jan  1 00:00:17 debian-armhf kernel: VFS: Mounted root (ext4 filesystem) on device 179:2.
Jan  1 00:00:17 debian-armhf kernel: Freeing init memory: 184K
Jan  1 00:00:17 debian-armhf kernel: Failed to execute /init.  Attempting defaults...
Jan  1 00:00:17 debian-armhf kernel: Change CPU clock at Auto mode
Jan  1 00:00:17 debian-armhf kernel: pll0 clock rate set to 1000000000.
Jan  1 00:00:17 debian-armhf kernel: Change CPU clock at Auto mode
Jan  1 00:00:17 debian-armhf kernel: pll0 clock rate set to 800000000.
Jan  1 00:00:17 debian-armhf kernel: Change CPU clock at Auto mode
Jan  1 00:00:17 debian-armhf kernel: pll0 clock rate set to 1000000000.
Jan  1 00:00:17 debian-armhf kernel: EXT4-fs (mmcblk0p2): re-mounted. Opts: (null)
Jan  1 00:00:17 debian-armhf kernel: Change CPU clock at Auto mode
Jan  1 00:00:17 debian-armhf kernel: pll0 clock rate set to 800000000.
Jan  1 00:00:17 debian-armhf kernel: Change CPU clock at Auto mode
Jan  1 00:00:17 debian-armhf kernel: pll0 clock rate set to 1000000000.
Jan  1 00:00:17 debian-armhf kernel: Change CPU clock at Auto mode
Jan  1 00:00:17 debian-armhf kernel: pll0 clock rate set to 800000000.
Jan  1 00:00:17 debian-armhf kernel: Change CPU clock at Auto mode
Jan  1 00:00:17 debian-armhf kernel: pll0 clock rate set to 1000000000.
Jan  1 00:00:18 debian-armhf kernel: Change CPU clock at Auto mode
Jan  1 00:00:18 debian-armhf kernel: pll0 clock rate set to 400000000.
Jan  1 00:00:23 debian-armhf kernel: Change CPU clock at Auto mode
Jan  1 00:00:23 debian-armhf kernel: pll0 clock rate set to 1000000000.
Jan  1 00:00:24 debian-armhf kernel: Change CPU clock at Auto mode
Jan  1 00:00:24 debian-armhf kernel: pll0 clock rate set to 400000000.
Jan  1 00:04:00 debian-armhf kernel: kinteractiveup  D c04ff1dc     0   767      2 0x00000000
Jan  1 00:04:00 debian-armhf kernel: Backtrace: 
Jan  1 00:04:00 debian-armhf kernel: [<c04fee80>] (__schedule+0x0/0x4e0) from [<c04ff3e4>] (schedule+0x84/0x88)
Jan  1 00:04:00 debian-armhf kernel: [<c04ff360>] (schedule+0x0/0x88) from [<c0041250>] (kthread+0x7c/0xa0)
Jan  1 00:04:00 debian-armhf kernel: [<c00411d4>] (kthread+0x0/0xa0) from [<c002b714>] (do_exit+0x0/0x6d4)
Jan  1 00:04:00 debian-armhf kernel: r6:c002b714 r5:c00411d4 r4:ee031ef4
Jan  1 00:06:00 debian-armhf kernel: kinteractiveup  D c04ff1dc     0   767      2 0x00000000
Jan  1 00:06:00 debian-armhf kernel: Backtrace: 
Jan  1 00:06:00 debian-armhf kernel: [<c04fee80>] (__schedule+0x0/0x4e0) from [<c04ff3e4>] (schedule+0x84/0x88)
Jan  1 00:06:00 debian-armhf kernel: [<c04ff360>] (schedule+0x0/0x88) from [<c0041250>] (kthread+0x7c/0xa0)
Jan  1 00:06:00 debian-armhf kernel: [<c00411d4>] (kthread+0x0/0xa0) from [<c002b714>] (do_exit+0x0/0x6d4)
Jan  1 00:06:00 debian-armhf kernel: r6:c002b714 r5:c00411d4 r4:ee031ef4
Jan  1 00:08:00 debian-armhf kernel: kinteractiveup  D c04ff1dc     0   767      2 0x00000000
Jan  1 00:08:00 debian-armhf kernel: Backtrace: 
Jan  1 00:08:00 debian-armhf kernel: [<c04fee80>] (__schedule+0x0/0x4e0) from [<c04ff3e4>] (schedule+0x84/0x88)
Jan  1 00:08:00 debian-armhf kernel: [<c04ff360>] (schedule+0x0/0x88) from [<c0041250>] (kthread+0x7c/0xa0)
Jan  1 00:08:00 debian-armhf kernel: [<c00411d4>] (kthread+0x0/0xa0) from [<c002b714>] (do_exit+0x0/0x6d4)
Jan  1 00:08:00 debian-armhf kernel: r6:c002b714 r5:c00411d4 r4:ee031ef4
Jan  1 00:10:00 debian-armhf kernel: kinteractiveup  D c04ff1dc     0   767      2 0x00000000
Jan  1 00:10:00 debian-armhf kernel: Backtrace: 
Jan  1 00:10:00 debian-armhf kernel: [<c04fee80>] (__schedule+0x0/0x4e0) from [<c04ff3e4>] (schedule+0x84/0x88)
Jan  1 00:10:00 debian-armhf kernel: [<c04ff360>] (schedule+0x0/0x88) from [<c0041250>] (kthread+0x7c/0xa0)
Jan  1 00:10:00 debian-armhf kernel: [<c00411d4>] (kthread+0x0/0xa0) from [<c002b714>] (do_exit+0x0/0x6d4)
Jan  1 00:10:00 debian-armhf kernel: r6:c002b714 r5:c00411d4 r4:ee031ef4
Jan  1 00:12:00 debian-armhf kernel: kinteractiveup  D c04ff1dc     0   767      2 0x00000000
Jan  1 00:12:00 debian-armhf kernel: Backtrace: 
Jan  1 00:12:00 debian-armhf kernel: [<c04fee80>] (__schedule+0x0/0x4e0) from [<c04ff3e4>] (schedule+0x84/0x88)
Jan  1 00:12:00 debian-armhf kernel: [<c04ff360>] (schedule+0x0/0x88) from [<c0041250>] (kthread+0x7c/0xa0)
Jan  1 00:12:00 debian-armhf kernel: [<c00411d4>] (kthread+0x0/0xa0) from [<c002b714>] (do_exit+0x0/0x6d4)
Jan  1 00:12:00 debian-armhf kernel: r6:c002b714 r5:c00411d4 r4:ee031ef4
Jan  1 00:14:00 debian-armhf kernel: kinteractiveup  D c04ff1dc     0   767      2 0x00000000
Jan  1 00:14:00 debian-armhf kernel: Backtrace: 
Jan  1 00:14:00 debian-armhf kernel: [<c04fee80>] (__schedule+0x0/0x4e0) from [<c04ff3e4>] (schedule+0x84/0x88)
Jan  1 00:14:00 debian-armhf kernel: [<c04ff360>] (schedule+0x0/0x88) from [<c0041250>] (kthread+0x7c/0xa0)
Jan  1 00:14:00 debian-armhf kernel: [<c00411d4>] (kthread+0x0/0xa0) from [<c002b714>] (do_exit+0x0/0x6d4)
Jan  1 00:14:01 debian-armhf kernel: r6:c002b714 r5:c00411d4 r4:ee031ef4
Jan  1 00:16:01 debian-armhf kernel: kinteractiveup  D c04ff1dc     0   767      2 0x00000000
Jan  1 00:16:01 debian-armhf kernel: Backtrace: 
Jan  1 00:16:01 debian-armhf kernel: [<c04fee80>] (__schedule+0x0/0x4e0) from [<c04ff3e4>] (schedule+0x84/0x88)
Jan  1 00:16:01 debian-armhf kernel: [<c04ff360>] (schedule+0x0/0x88) from [<c0041250>] (kthread+0x7c/0xa0)
Jan  1 00:16:01 debian-armhf kernel: [<c00411d4>] (kthread+0x0/0xa0) from [<c002b714>] (do_exit+0x0/0x6d4)
Jan  1 00:16:01 debian-armhf kernel: r6:c002b714 r5:c00411d4 r4:ee031ef4
Jan  1 00:18:01 debian-armhf kernel: kinteractiveup  D c04ff1dc     0   767      2 0x00000000
Jan  1 00:18:01 debian-armhf kernel: Backtrace: 
Jan  1 00:18:01 debian-armhf kernel: [<c04fee80>] (__schedule+0x0/0x4e0) from [<c04ff3e4>] (schedule+0x84/0x88)
Jan  1 00:18:01 debian-armhf kernel: [<c04ff360>] (schedule+0x0/0x88) from [<c0041250>] (kthread+0x7c/0xa0)
Jan  1 00:18:01 debian-armhf kernel: [<c00411d4>] (kthread+0x0/0xa0) from [<c002b714>] (do_exit+0x0/0x6d4)
Jan  1 00:18:01 debian-armhf kernel: r6:c002b714 r5:c00411d4 r4:ee031ef4
Jan  1 00:20:01 debian-armhf kernel: kinteractiveup  D c04ff1dc     0   767      2 0x00000000
Jan  1 00:20:01 debian-armhf kernel: Backtrace: 
Jan  1 00:20:01 debian-armhf kernel: [<c04fee80>] (__schedule+0x0/0x4e0) from [<c04ff3e4>] (schedule+0x84/0x88)
Jan  1 00:20:01 debian-armhf kernel: [<c04ff360>] (schedule+0x0/0x88) from [<c0041250>] (kthread+0x7c/0xa0)
Jan  1 00:20:01 debian-armhf kernel: [<c00411d4>] (kthread+0x0/0xa0) from [<c002b714>] (do_exit+0x0/0x6d4)
Jan  1 00:20:01 debian-armhf kernel: r6:c002b714 r5:c00411d4 r4:ee031ef4
Jan  1 00:22:01 debian-armhf kernel: kinteractiveup  D c04ff1dc     0   767      2 0x00000000
Jan  1 00:22:01 debian-armhf kernel: Backtrace: 
Jan  1 00:22:01 debian-armhf kernel: [<c04fee80>] (__schedule+0x0/0x4e0) from [<c04ff3e4>] (schedule+0x84/0x88)
Jan  1 00:22:01 debian-armhf kernel: [<c04ff360>] (schedule+0x0/0x88) from [<c0041250>] (kthread+0x7c/0xa0)
Jan  1 00:22:01 debian-armhf kernel: [<c00411d4>] (kthread+0x0/0xa0) from [<c002b714>] (do_exit+0x0/0x6d4)
Jan  1 00:22:01 debian-armhf kernel: r6:c002b714 r5:c00411d4 r4:ee031ef4
Jan  1 00:00:15 debian-armhf kernel: imklog 5.8.11, log source = /proc/kmsg started.
Jan  1 00:00:15 debian-armhf rsyslogd: [origin software="rsyslogd" swVersion="5.8.11" x-pid="2300" x-info="http://www.rsyslog.com"] start
Jan  1 00:00:15 debian-armhf kernel: Booting Linux on physical CPU 0
Jan  1 00:00:15 debian-armhf kernel: Linux version 3.4.0-g3684991-dirty (root@Ubuntu32) (gcc version 4.8.3 20140401 (prerelease) (crosstool-NG linaro-1.13.1-4.8-2014.04 - Linaro GCC 4.8-2014.04) ) #19 SMP PREEMPT Wed Jul 29 15:41:42 CST 2015
Jan  1 00:00:15 debian-armhf kernel: CPU: ARMv7 Processor [413fc090] revision 0 (ARMv7), cr=10c53c7d
Jan  1 00:00:15 debian-armhf kernel: CPU: PIPT / VIPT nonaliasing data cache, VIPT aliasing instruction cache
Jan  1 00:00:15 debian-armhf kernel: Machine: NUFRONT-NS115-STICK
Jan  1 00:00:15 debian-armhf kernel: Ignoring unrecognised tag 0x54410008
Jan  1 00:00:15 debian-armhf kernel: cma: CMA: reserved 16 MiB at ae800000
Jan  1 00:00:15 debian-armhf kernel: Memory policy: ECC disabled, Data cache writealloc
Jan  1 00:00:15 debian-armhf kernel: --------------smp_init_cpus
Jan  1 00:00:15 debian-armhf kernel: PERCPU: Embedded 7 pages/cpu @c1084000 s6816 r8192 d13664 u32768
Jan  1 00:00:15 debian-armhf kernel: Built 1 zonelists in Zone order, mobility grouping on.  Total pages: 209090
Jan  1 00:00:15 debian-armhf kernel: Kernel command line: console=ttyS0,115200 root=/dev/mmcblk0p2 rw rootwait init=/init pmem=0xb3800000 mem=824M fbmem=64M video=nusmartfb:1280x720@60 wifiethaddr= usbethmac=${ethmac}
Jan  1 00:00:15 debian-armhf kernel: Malformed station address
Jan  1 00:00:15 debian-armhf kernel: PID hash table entries: 4096 (order: 2, 16384 bytes)
Jan  1 00:00:15 debian-armhf kernel: Dentry cache hash table entries: 131072 (order: 7, 524288 bytes)
Jan  1 00:00:15 debian-armhf kernel: Inode-cache hash table entries: 65536 (order: 6, 262144 bytes)
Jan  1 00:00:15 debian-armhf kernel: Memory: 824MB = 824MB total
Jan  1 00:00:15 debian-armhf kernel: Memory: 809572k/809572k available, 34204k reserved, 65536K highmem
Jan  1 00:00:15 debian-armhf kernel: Virtual kernel memory layout:
Jan  1 00:00:15 debian-armhf kernel:    vector  : 0xffff0000 - 0xffff1000   (   4 kB)
Jan  1 00:00:15 debian-armhf kernel:    fixmap  : 0xfff00000 - 0xfffe0000   ( 896 kB)
Jan  1 00:00:15 debian-armhf kernel:    vmalloc : 0xf0000000 - 0xff000000   ( 240 MB)
Jan  1 00:00:15 debian-armhf kernel:    lowmem  : 0xc0000000 - 0xef800000   ( 760 MB)
Jan  1 00:00:15 debian-armhf kernel:    pkmap   : 0xbfe00000 - 0xc0000000   (   2 MB)
Jan  1 00:00:15 debian-armhf kernel:    modules : 0xbf000000 - 0xbfe00000   (  14 MB)
Jan  1 00:00:15 debian-armhf kernel:      .text : 0xc0008000 - 0xc067d000   (6612 kB)
Jan  1 00:00:15 debian-armhf kernel:      .init : 0xc067d000 - 0xc06abaa0   ( 187 kB)
Jan  1 00:00:15 debian-armhf kernel:      .data : 0xc06ac000 - 0xc070b2a0   ( 381 kB)
Jan  1 00:00:15 debian-armhf kernel:       .bss : 0xc070b2c4 - 0xc093e828   (2254 kB)
Jan  1 00:00:15 debian-armhf kernel: Preemptible hierarchical RCU implementation.
Jan  1 00:00:15 debian-armhf kernel: NR_IRQS:224
Jan  1 00:00:15 debian-armhf kernel: gpio_ddr 0x00000031 0x00000000 0x40200000 0x00000000 0x00000000
Jan  1 00:00:15 debian-armhf kernel: gpiochip_add: registered GPIOs 8 to 135 on device: gpio-1
Jan  1 00:00:15 debian-armhf kernel: gpiochip_add: registered GPIOs 0 to 7 on device: gpio-0
Jan  1 00:00:15 debian-armhf kernel: sched_clock: 32 bits at 12MHz, resolution 83ns, wraps every 357913ms
Jan  1 00:00:15 debian-armhf kernel: ns115_clockevents_init, timer0, mult = 3126
Jan  1 00:00:15 debian-armhf kernel: timer mode periodic!!!!!!!!!!!!!!!!!!!!!!
Jan  1 00:00:15 debian-armhf kernel: Console: colour dummy device 80x30
Jan  1 00:00:15 debian-armhf kernel: Calibrating delay loop... 1594.16 BogoMIPS (lpj=7970816)
Jan  1 00:00:15 debian-armhf kernel: pid_max: default: 32768 minimum: 301
Jan  1 00:00:15 debian-armhf kernel: Mount-cache hash table entries: 512
Jan  1 00:00:15 debian-armhf kernel: CPU: Testing write buffer coherency: ok
Jan  1 00:00:15 debian-armhf kernel: CPU0: thread -1, cpu 0, socket 0, mpidr 80000000
Jan  1 00:00:15 debian-armhf kernel: Calibrating local timer... 399.74MHz.
Jan  1 00:00:15 debian-armhf kernel: --------------poke_milo
Jan  1 00:00:15 debian-armhf kernel: Setting up static identity map for 0x80500868 - 0x805008c0
Jan  1 00:00:15 debian-armhf kernel: L310 cache controller enabled
Jan  1 00:00:15 debian-armhf kernel: l2x0: 8 ways, CACHE_ID 0x410000c8, AUX_CTRL 0x7e460001, Cache size: 524288 B
Jan  1 00:00:15 debian-armhf kernel: --------------boot_secondary
Jan  1 00:00:15 debian-armhf kernel: CPU1: Booted secondary processor
Jan  1 00:00:15 debian-armhf kernel: platform_secondary_init(corb init): 1
Jan  1 00:00:15 debian-armhf kernel: scm configruation = 531
Jan  1 00:00:15 debian-armhf kernel: CPU1: thread -1, cpu 1, socket 0, mpidr 80000001
Jan  1 00:00:15 debian-armhf kernel: Brought up 2 CPUs
Jan  1 00:00:15 debian-armhf kernel: SMP: Total of 2 processors activated (3188.32 BogoMIPS).
Jan  1 00:00:15 debian-armhf kernel: NET: Registered protocol family 16
Jan  1 00:00:15 debian-armhf kernel: DMA: preallocated 256 KiB pool for atomic coherent allocations
Jan  1 00:00:15 debian-armhf kernel: on2_base = 0xb8000000, on2_size = 0xa000000
Jan  1 00:00:15 debian-armhf kernel: lcd_base = 0xb3800000,             lcd_size = 0x4000000
Jan  1 00:00:15 debian-armhf kernel: gpu_size = 0x16400000, ump_size = 0x9000000
Jan  1 00:00:15 debian-armhf kernel: bio: create slab <bio-0> at 0
Jan  1 00:00:15 debian-armhf kernel: SCSI subsystem initialized
Jan  1 00:00:15 debian-armhf kernel: usbcore: registered new interface driver usbfs
Jan  1 00:00:15 debian-armhf kernel: usbcore: registered new interface driver hub
Jan  1 00:00:15 debian-armhf kernel: usbcore: registered new device driver usb
Jan  1 00:00:15 debian-armhf kernel: i2c0 clock enabled.
Jan  1 00:00:15 debian-armhf kernel: i2c1 clock enabled.
Jan  1 00:00:15 debian-armhf kernel: i2c2 clock enabled.
Jan  1 00:00:15 debian-armhf kernel: i2c3 clock enabled.
Jan  1 00:00:15 debian-armhf kernel: Linux video capture interface: v2.00
Jan  1 00:00:15 debian-armhf kernel: Advanced Linux Sound Architecture Driver Version 1.0.25.
Jan  1 00:00:15 debian-armhf kernel: Sangoma WANPIPE Router v1.1 (c) 1995-2000 Sangoma Technologies Inc.
Jan  1 00:00:15 debian-armhf kernel: Bluetooth: Core ver 2.16
Jan  1 00:00:15 debian-armhf kernel: NET: Registered protocol family 31
Jan  1 00:00:15 debian-armhf kernel: Bluetooth: HCI device and connection manager initialized
Jan  1 00:00:15 debian-armhf kernel: Bluetooth: HCI socket layer initialized
Jan  1 00:00:15 debian-armhf kernel: Bluetooth: L2CAP socket layer initialized
Jan  1 00:00:15 debian-armhf kernel: Bluetooth: SCO socket layer initialized
Jan  1 00:00:15 debian-armhf kernel: cfg80211: Calling CRDA to update world regulatory domain
Jan  1 00:00:15 debian-armhf kernel: Switching to clocksource NS115 timer3
Jan  1 00:00:15 debian-armhf kernel: NET: Registered protocol family 2
Jan  1 00:00:15 debian-armhf kernel: IP route cache hash table entries: 32768 (order: 5, 131072 bytes)
Jan  1 00:00:15 debian-armhf kernel: TCP established hash table entries: 131072 (order: 8, 1048576 bytes)
Jan  1 00:00:15 debian-armhf kernel: TCP bind hash table entries: 65536 (order: 7, 786432 bytes)
Jan  1 00:00:15 debian-armhf kernel: TCP: Hash tables configured (established 131072 bind 65536)
Jan  1 00:00:15 debian-armhf kernel: TCP: reno registered
Jan  1 00:00:15 debian-armhf kernel: UDP hash table entries: 512 (order: 2, 16384 bytes)
Jan  1 00:00:15 debian-armhf kernel: UDP-Lite hash table entries: 512 (order: 2, 16384 bytes)
Jan  1 00:00:15 debian-armhf kernel: NET: Registered protocol family 1
Jan  1 00:00:15 debian-armhf kernel: RPC: Registered named UNIX socket transport module.
Jan  1 00:00:15 debian-armhf kernel: RPC: Registered udp transport module.
Jan  1 00:00:15 debian-armhf kernel: RPC: Registered tcp transport module.
Jan  1 00:00:15 debian-armhf kernel: RPC: Registered tcp NFSv4.1 backchannel transport module.
Jan  1 00:00:15 debian-armhf kernel: nusmart_dbg(debug):nusmart_dbg_create_cdev_node .. 
Jan  1 00:00:15 debian-armhf kernel: highmem bounce pool size: 64 pages
Jan  1 00:00:15 debian-armhf kernel: NFS: Registering the id_resolver key type
Jan  1 00:00:15 debian-armhf kernel: fuse init (API version 7.18)
Jan  1 00:00:15 debian-armhf kernel: msgmni has been set to 1485
Jan  1 00:00:15 debian-armhf kernel: io scheduler noop registered
Jan  1 00:00:15 debian-armhf kernel: io scheduler deadline registered (default)
Jan  1 00:00:15 debian-armhf kernel: [HDMI:wangzhi]>>StartTPI()
Jan  1 00:00:15 debian-armhf kernel: [HDMI:wangzhi]TPI_DEVICE_ID:0x9334
Jan  1 00:00:15 debian-armhf kernel: [HDMI:wangzhi]REG_TMDS_CONTROL_7:0x0
Jan  1 00:00:15 debian-armhf kernel: [HDMI:wangzhi]REG_TMDS_CONTROL_9:0x0
Jan  1 00:00:15 debian-armhf kernel: hdmi_pxl clock enabled.
Jan  1 00:00:15 debian-armhf kernel: disp1: VIDEO_MEM_BASE 0xb3800000(virtual 0xf1000000), VIDEO_MEM_SIZE 0x02000000(32MB)
Jan  1 00:00:15 debian-armhf kernel: parse mode option 1280 720 24
Jan  1 00:00:15 debian-armhf kernel: 1884 1280x720-24
Jan  1 00:00:15 debian-armhf kernel: mode left:220 right:110 hsync:40
Jan  1 00:00:15 debian-armhf kernel: upper:20 lower:5 vsync:5
Jan  1 00:00:15 debian-armhf kernel: sync:3
Jan  1 00:00:15 debian-armhf kernel: fb0: nusmartfb1 frame buffer device
Jan  1 00:00:15 debian-armhf kernel: uart2 clock rate set to 32000000.
Jan  1 00:00:15 debian-armhf kernel: Serial: 8250/16550 driver, 1 ports, IRQ sharing disabled
Jan  1 00:00:15 debian-armhf kernel: serial8250.0: ttyS0 at MMIO 0x6090000 (irq = 84) is a 16550A
Jan  1 00:00:15 debian-armhf kernel: Change CPU clock at Auto mode
Jan  1 00:00:15 debian-armhf kernel: pll0 clock rate set to 1000000000.
Jan  1 00:00:15 debian-armhf kernel: console [ttyS0] enabled
Jan  1 00:00:15 debian-armhf kernel: loop: module loaded
Jan  1 00:00:15 debian-armhf kernel: sd clock rate set to 100000000.
Jan  1 00:00:15 debian-armhf kernel: slot0: f_min 400000, f_max 25000000, ocr_avial 0xff8000, caps 0x1, pm_caps 0x0
Jan  1 00:00:15 debian-armhf kernel: slot1: f_min 400000, f_max 25000000, ocr_avial 0xff8000, caps 0x101, pm_caps 0x0
Jan  1 00:00:15 debian-armhf kernel: slot2: f_min 400000, f_max 25000000, ocr_avial 0xff8000, caps 0x101, pm_caps 0x5
Jan  1 00:00:15 debian-armhf kernel: tun: Universal TUN/TAP device driver, 1.6
Jan  1 00:00:15 debian-armhf kernel: tun: (C) 1999-2004 Max Krasnyansky <maxk@qualcomm.com>
Jan  1 00:00:15 debian-armhf kernel: PPP generic driver version 2.4.2
Jan  1 00:00:15 debian-armhf kernel: PPP BSD Compression module registered
Jan  1 00:00:15 debian-armhf kernel: PPP Deflate Compression module registered
Jan  1 00:00:15 debian-armhf kernel: PPP MPPE Compression module registered
Jan  1 00:00:15 debian-armhf kernel: NET: Registered protocol family 24
Jan  1 00:00:15 debian-armhf kernel: usbcore: registered new interface driver catc
Jan  1 00:00:15 debian-armhf kernel: usbcore: registered new interface driver kaweth
Jan  1 00:00:15 debian-armhf kernel: pegasus: v0.6.14 (2006/09/27), Pegasus/Pegasus II USB Ethernet driver
Jan  1 00:00:15 debian-armhf kernel: usbcore: registered new interface driver pegasus
Jan  1 00:00:15 debian-armhf kernel: usbcore: registered new interface driver rtl8150
Jan  1 00:00:15 debian-armhf kernel: hso: drivers/net/usb/hso.c: Option Wireless
Jan  1 00:00:15 debian-armhf kernel: usbcore: registered new interface driver hso
Jan  1 00:00:15 debian-armhf kernel: usbcore: registered new interface driver asix
Jan  1 00:00:15 debian-armhf kernel: usbcore: registered new interface driver cdc_ether
Jan  1 00:00:15 debian-armhf kernel: usbcore: registered new interface driver net1080
Jan  1 00:00:15 debian-armhf kernel: usbcore: registered new interface driver cdc_subset
Jan  1 00:00:15 debian-armhf kernel: usbcore: registered new interface driver zaurus
Jan  1 00:00:15 debian-armhf kernel: usbcore: registered new interface driver int51x1
Jan  1 00:00:15 debian-armhf kernel: usbcore: registered new interface driver ipheth
Jan  1 00:00:15 debian-armhf kernel: usbcore: registered new interface driver sierra_net
Jan  1 00:00:15 debian-armhf kernel: usbcore: registered new interface driver cdc_ncm
Jan  1 00:00:15 debian-armhf kernel: usbcore: registered new interface driver lg-vl600
Jan  1 00:00:15 debian-armhf kernel: ehci_hcd: USB 2.0 'Enhanced' Host Controller (EHCI) Driver
Jan  1 00:00:15 debian-armhf kernel: ns115-ehci ns115-ehci.0: Nusmart EHCI Host Controller
Jan  1 00:00:15 debian-armhf kernel: ns115-ehci ns115-ehci.0: new USB bus registered, assigned bus number 1
Jan  1 00:00:15 debian-armhf kernel: mmc0: host does not support reading read-only switch. assuming write-enable.
Jan  1 00:00:15 debian-armhf kernel: slot0: div 2, FIN clock rate 25MHz
Jan  1 00:00:15 debian-armhf kernel: mmc0: new SDHC card at address aaaa
Jan  1 00:00:15 debian-armhf kernel: mmcblk0: mmc0:aaaa SL32G 28.7 GiB 
Jan  1 00:00:15 debian-armhf kernel: ns115-ehci ns115-ehci.0: irq 101, io mem 0x05090000
Jan  1 00:00:15 debian-armhf kernel: mmcblk0: p1 p2
Jan  1 00:00:15 debian-armhf kernel: ns115-ehci ns115-ehci.0: USB 0.0 started, EHCI 1.00
Jan  1 00:00:15 debian-armhf kernel: hub 1-0:1.0: USB hub found
Jan  1 00:00:15 debian-armhf kernel: hub 1-0:1.0: 2 ports detected
Jan  1 00:00:15 debian-armhf kernel: ohci_hcd: USB 1.1 'Open' Host Controller (OHCI) Driver
Jan  1 00:00:15 debian-armhf kernel: entry ohci_hcd_nusmart_probe();
Jan  1 00:00:15 debian-armhf kernel: ns115-ohci ns115-ohci.0: Nusmart OHCI
Jan  1 00:00:15 debian-armhf kernel: ns115-ohci ns115-ohci.0: new USB bus registered, assigned bus number 2
Jan  1 00:00:15 debian-armhf kernel: ns115-ohci ns115-ohci.0: irq 100, io mem 0x05080000
Jan  1 00:00:15 debian-armhf kernel: slot1: div 2, FIN clock rate 25MHz
Jan  1 00:00:15 debian-armhf kernel: mmc1: new MMC card at address 0001
Jan  1 00:00:15 debian-armhf kernel: mmcblk1: mmc1:0001 MMC04G 3.60 GiB 
Jan  1 00:00:15 debian-armhf kernel: mmcblk1boot0: mmc1:0001 MMC04G partition 1 2.00 MiB
Jan  1 00:00:15 debian-armhf kernel: hub 2-0:1.0: USB hub found
Jan  1 00:00:15 debian-armhf kernel: hub 2-0:1.0: 2 ports detected
Jan  1 00:00:15 debian-armhf kernel: mmcblk1boot1: mmc1:0001 MMC04G partition 2 2.00 MiB
Jan  1 00:00:15 debian-armhf kernel: usbcore: registered new interface driver cdc_acm
Jan  1 00:00:15 debian-armhf kernel: cdc_acm: USB Abstract Control Model driver for USB modems and ISDN adapters
Jan  1 00:00:15 debian-armhf kernel: Initializing USB Mass Storage driver...
Jan  1 00:00:15 debian-armhf kernel: usbcore: registered new interface driver usb-storage
Jan  1 00:00:15 debian-armhf kernel: USB Mass Storage support registered.
Jan  1 00:00:15 debian-armhf kernel: mmcblk1: p1 p2 p3 p4 < p5 p6 p7 p8 >
Jan  1 00:00:15 debian-armhf kernel: usbcore: registered new interface driver usbserial
Jan  1 00:00:15 debian-armhf kernel: usbcore: registered new interface driver usbserial_generic
Jan  1 00:00:15 debian-armhf kernel: mmcblk1boot1: unknown partition table
Jan  1 00:00:15 debian-armhf kernel: USB Serial support registered for generic
Jan  1 00:00:15 debian-armhf kernel: usbserial: USB Serial Driver core
Jan  1 00:00:15 debian-armhf kernel: usbcore: registered new interface driver option
Jan  1 00:00:15 debian-armhf kernel: mmcblk1boot0: unknown partition table
Jan  1 00:00:15 debian-armhf kernel: USB Serial support registered for GSM modem (1-port)
Jan  1 00:00:15 debian-armhf kernel: dwc_otg: version 3.10a 21-DEC-2012
Jan  1 00:00:15 debian-armhf kernel: usb 1-1: new high-speed USB device number 2 using ns115-ehci
Jan  1 00:00:15 debian-armhf kernel: Core Release: 2.94a
Jan  1 00:00:15 debian-armhf kernel: Setting default values for core params
Jan  1 00:00:15 debian-armhf kernel: hub 1-1:1.0: USB hub found
Jan  1 00:00:15 debian-armhf kernel: hub 1-1:1.0: 4 ports detected
Jan  1 00:00:15 debian-armhf kernel: Using Buffer DMA mode
Jan  1 00:00:15 debian-armhf kernel: Periodic Transfer Interrupt Enhancement - disabled
Jan  1 00:00:15 debian-armhf kernel: Multiprocessor Interrupt Enhancement - disabled
Jan  1 00:00:15 debian-armhf kernel: OTG VER PARAM: 0, OTG VER FLAG: 0
Jan  1 00:00:15 debian-armhf kernel: Shared Tx FIFO mode
Jan  1 00:00:15 debian-armhf kernel: android_usb gadget: Mass Storage Function, version: 2009/09/11
Jan  1 00:00:15 debian-armhf kernel: android_usb gadget: Number of LUNs=2
Jan  1 00:00:15 debian-armhf kernel: lun0: LUN: removable file: (no medium)
Jan  1 00:00:15 debian-armhf kernel: lun1: LUN: removable file: (no medium)
Jan  1 00:00:15 debian-armhf kernel: Gadget Android: controller 'dwc_otg_pcd' not recognized
Jan  1 00:00:15 debian-armhf kernel: android_usb gadget: android_usb ready
Jan  1 00:00:15 debian-armhf kernel: mousedev: PS/2 mouse device common for all mice
Jan  1 00:00:15 debian-armhf kernel: input: nusmart-gpio-keys as /devices/platform/nusmart-gpio-keys.0/input/input0
Jan  1 00:00:15 debian-armhf kernel: usbcore: registered new interface driver iforce
Jan  1 00:00:15 debian-armhf kernel: usbcore: registered new interface driver xpad
Jan  1 00:00:15 debian-armhf kernel: gsensor_kxtj9: init
Jan  1 00:00:15 debian-armhf kernel: i2c /dev entries driver
Jan  1 00:00:15 debian-armhf kernel: lirc_dev: IR Remote Control driver registered, major 250 
Jan  1 00:00:15 debian-armhf kernel: IR NEC protocol handler initialized
Jan  1 00:00:15 debian-armhf kernel: IR RC5(x) protocol handler initialized
Jan  1 00:00:15 debian-armhf kernel: IR RC6 protocol handler initialized
Jan  1 00:00:15 debian-armhf kernel: IR JVC protocol handler initialized
Jan  1 00:00:15 debian-armhf kernel: IR Sony protocol handler initialized
Jan  1 00:00:15 debian-armhf kernel: IR RC5 (streamzap) protocol handler initialized
Jan  1 00:00:15 debian-armhf kernel: IR SANYO protocol handler initialized
Jan  1 00:00:15 debian-armhf kernel: IR MCE Keyboard/mouse protocol handler initialized
Jan  1 00:00:15 debian-armhf kernel: IR LIRC bridge handler initialized
Jan  1 00:00:15 debian-armhf kernel: isp clock enabled.
Jan  1 00:00:15 debian-armhf kernel: isp power up.
Jan  1 00:00:15 debian-armhf kernel: isp power down.
Jan  1 00:00:15 debian-armhf kernel: isp clock disabled.
Jan  1 00:00:15 debian-armhf kernel: ISP base: 0xfc180000
Jan  1 00:00:15 debian-armhf kernel: soc-camera-pdrv soc-camera-pdrv.0: Probing soc-camera-pdrv.0
Jan  1 00:00:15 debian-armhf kernel: isp clock enabled.
Jan  1 00:00:15 debian-armhf kernel: isp power up.
Jan  1 00:00:15 debian-armhf kernel: Nusmart Camera driver attached to camera 0
Jan  1 00:00:15 debian-armhf kernel: alt0 clock enabled.
Jan  1 00:00:15 debian-armhf kernel: alt clock rate set to 24000000.
Jan  1 00:00:15 debian-armhf kernel: usb 1-1.3: new high-speed USB device number 3 using ns115-ehci
Jan  1 00:00:15 debian-armhf kernel: gc2145: probe of 1-003c failed with error -121
Jan  1 00:00:15 debian-armhf kernel: alt0 clock disabled.
Jan  1 00:00:15 debian-armhf kernel: isp power down.
Jan  1 00:00:15 debian-armhf kernel: isp clock disabled.
Jan  1 00:00:15 debian-armhf kernel: Nusmart Camera driver detached from camera 0
Jan  1 00:00:15 debian-armhf kernel: MRV Camera driver loaded
Jan  1 00:00:15 debian-armhf kernel: usbcore: registered new interface driver uvcvideo
Jan  1 00:00:15 debian-armhf kernel: USB Video Class driver (v1.1.0)
Jan  1 00:00:15 debian-armhf kernel: device-mapper: uevent: version 1.0.3
Jan  1 00:00:15 debian-armhf kernel: device-mapper: ioctl: 4.22.0-ioctl (2011-10-19) initialised: dm-devel@redhat.com
Jan  1 00:00:15 debian-armhf kernel: Bluetooth: HCI UART driver ver 2.2
Jan  1 00:00:15 debian-armhf kernel: Bluetooth: HCI H4 protocol initialized
Jan  1 00:00:15 debian-armhf kernel: Bluetooth: HCI BCSP protocol initialized
Jan  1 00:00:15 debian-armhf kernel: Bluetooth: HCILL protocol initialized
Jan  1 00:00:15 debian-armhf kernel: Bluetooth: MSM Sleep Mode Driver Ver 1.1
Jan  1 00:00:15 debian-armhf kernel: cpuidle: using governor ladder
Jan  1 00:00:15 debian-armhf kernel: cpuidle: using governor menu
Jan  1 00:00:15 debian-armhf kernel: usbcore: registered new interface driver usbhid
Jan  1 00:00:15 debian-armhf kernel: usbhid: USB HID core driver
Jan  1 00:00:15 debian-armhf kernel: usb 1-1.4: new high-speed USB device number 4 using ns115-ehci
Jan  1 00:00:15 debian-armhf kernel: Change CPU clock at Auto mode
Jan  1 00:00:15 debian-armhf kernel: pll0 clock rate set to 800000000.
Jan  1 00:00:15 debian-armhf kernel: Change CPU clock at Auto mode
Jan  1 00:00:15 debian-armhf kernel: pll0 clock rate set to 400000000.
Jan  1 00:00:15 debian-armhf kernel: asix 1-1.4:1.0: eth0: register 'asix' at usb-ns115-ehci.0-1.4, ASIX AX88772 USB 2.0 Ethernet, 00:55:7b:b5:45:7a
Jan  1 00:00:15 debian-armhf kernel: lirc_serial: auto-detected active high receiver
Jan  1 00:00:15 debian-armhf kernel: lirc_serial lirc_serial.0: lirc_dev: driver lirc_serial registered at minor = 0
Jan  1 00:00:15 debian-armhf kernel: ashmem: initialized
Jan  1 00:00:15 debian-armhf kernel: logger: created 256K log 'log_main'
Jan  1 00:00:15 debian-armhf kernel: logger: created 256K log 'log_events'
Jan  1 00:00:15 debian-armhf kernel: logger: created 256K log 'log_radio'
Jan  1 00:00:15 debian-armhf kernel: logger: created 256K log 'log_system'
Jan  1 00:00:15 debian-armhf kernel: usbcore: registered new interface driver snd-usb-audio
Jan  1 00:00:15 debian-armhf kernel: pll5 clock rate set to 983040000.
Jan  1 00:00:15 debian-armhf kernel: soc-audio soc-audio: ASoC machine ns115-audio should use snd_soc_register_card()
Jan  1 00:00:15 debian-armhf kernel: Change CPU clock at Auto mode
Jan  1 00:00:15 debian-armhf kernel: pll0 clock rate set to 1000000000.
Jan  1 00:00:15 debian-armhf kernel: asoc: ES8388 HiFi <-> eva-i2s-dai mapping ok
Jan  1 00:00:15 debian-armhf kernel: Netfilter messages via NETLINK v0.30.
Jan  1 00:00:15 debian-armhf kernel: nf_conntrack version 0.5.0 (12905 buckets, 51620 max)
Jan  1 00:00:15 debian-armhf kernel: ctnetlink v0.93: registering with nfnetlink.
Jan  1 00:00:15 debian-armhf kernel: NF_TPROXY: Transparent proxy support initialized, version 4.1.0
Jan  1 00:00:15 debian-armhf kernel: NF_TPROXY: Copyright (c) 2006-2007 BalaBit IT Ltd.
Jan  1 00:00:15 debian-armhf kernel: ip_tables: (C) 2000-2006 Netfilter Core Team
Jan  1 00:00:15 debian-armhf kernel: TCP: cubic registered
Jan  1 00:00:15 debian-armhf kernel: Initializing XFRM netlink socket
Jan  1 00:00:15 debian-armhf kernel: NET: Registered protocol family 10
Jan  1 00:00:15 debian-armhf kernel: ip6_tables: (C) 2000-2006 Netfilter Core Team
Jan  1 00:00:15 debian-armhf kernel: IPv6 over IPv4 tunneling driver
Jan  1 00:00:15 debian-armhf kernel: NET: Registered protocol family 17
Jan  1 00:00:15 debian-armhf kernel: NET: Registered protocol family 15
Jan  1 00:00:15 debian-armhf kernel: Bluetooth: RFCOMM TTY layer initialized
Jan  1 00:00:15 debian-armhf kernel: Bluetooth: RFCOMM socket layer initialized
Jan  1 00:00:15 debian-armhf kernel: Bluetooth: RFCOMM ver 1.11
Jan  1 00:00:15 debian-armhf kernel: Bluetooth: BNEP (Ethernet Emulation) ver 1.3
Jan  1 00:00:15 debian-armhf kernel: Bluetooth: BNEP filters: protocol multicast
Jan  1 00:00:15 debian-armhf kernel: Bluetooth: HIDP (Human Interface Emulation) ver 1.2
Jan  1 00:00:15 debian-armhf kernel: L2TP core driver, V2.0
Jan  1 00:00:15 debian-armhf kernel: rfkill_gpio rfkill_gpio: bcm_rfkill device registered.
Jan  1 00:00:15 debian-armhf kernel: Registering the dns_resolver key type
Jan  1 00:00:15 debian-armhf kernel: VFP support v0.3: implementor 41 architecture 3 part 30 variant 9 rev 3
Jan  1 00:00:15 debian-armhf kernel: Power Management for NS115.
Jan  1 00:00:15 debian-armhf kernel: Power Management for NS115.finished...............
Jan  1 00:00:15 debian-armhf kernel: cpu freq:cpu voltage:0mV
Jan  1 00:00:15 debian-armhf kernel: ALSA device list:
Jan  1 00:00:15 debian-armhf kernel:  #0: ns115-audio
Jan  1 00:00:15 debian-armhf kernel: md: Waiting for all devices to be available before autodetect
Jan  1 00:00:15 debian-armhf kernel: md: If you don't use raid, use raid=noautodetect
Jan  1 00:00:15 debian-armhf kernel: md: Autodetecting RAID arrays.
Jan  1 00:00:15 debian-armhf kernel: md: Scanned 0 and added 0 devices.
Jan  1 00:00:15 debian-armhf kernel: md: autorun ...
Jan  1 00:00:15 debian-armhf kernel: md: ... autorun DONE.
Jan  1 00:00:15 debian-armhf kernel: Change CPU clock at Auto mode
Jan  1 00:00:15 debian-armhf kernel: pll0 clock rate set to 400000000.
Jan  1 00:00:15 debian-armhf kernel: EXT4-fs (mmcblk0p2): recovery complete
Jan  1 00:00:15 debian-armhf kernel: EXT4-fs (mmcblk0p2): mounted filesystem with ordered data mode. Opts: (null)
Jan  1 00:00:15 debian-armhf kernel: VFS: Mounted root (ext4 filesystem) on device 179:2.
Jan  1 00:00:15 debian-armhf kernel: Freeing init memory: 184K
Jan  1 00:00:15 debian-armhf kernel: Failed to execute /init.  Attempting defaults...
Jan  1 00:00:15 debian-armhf kernel: Change CPU clock at Auto mode
Jan  1 00:00:15 debian-armhf kernel: pll0 clock rate set to 1000000000.
Jan  1 00:00:15 debian-armhf kernel: Change CPU clock at Auto mode
Jan  1 00:00:15 debian-armhf kernel: pll0 clock rate set to 800000000.
Jan  1 00:00:15 debian-armhf kernel: Change CPU clock at Auto mode
Jan  1 00:00:15 debian-armhf kernel: pll0 clock rate set to 1000000000.
Jan  1 00:00:15 debian-armhf kernel: Change CPU clock at Auto mode
Jan  1 00:00:15 debian-armhf kernel: pll0 clock rate set to 400000000.
Jan  1 00:00:15 debian-armhf kernel: EXT4-fs (mmcblk0p2): re-mounted. Opts: (null)
Jan  1 00:00:15 debian-armhf kernel: Change CPU clock at Auto mode
Jan  1 00:00:15 debian-armhf kernel: pll0 clock rate set to 1000000000.
Jan  1 00:00:15 debian-armhf kernel: Change CPU clock at Auto mode
Jan  1 00:00:15 debian-armhf kernel: pll0 clock rate set to 800000000.
Jan  1 00:00:15 debian-armhf kernel: Change CPU clock at Auto mode
Jan  1 00:00:15 debian-armhf kernel: pll0 clock rate set to 1000000000.
Jan  1 00:00:16 debian-armhf kernel: Change CPU clock at Auto mode
Jan  1 00:00:16 debian-armhf kernel: pll0 clock rate set to 400000000.
Jan  1 00:04:00 debian-armhf kernel: kinteractiveup  D c04ff1dc     0   767      2 0x00000000
Jan  1 00:04:00 debian-armhf kernel: Backtrace: 
Jan  1 00:04:00 debian-armhf kernel: [<c04fee80>] (__schedule+0x0/0x4e0) from [<c04ff3e4>] (schedule+0x84/0x88)
Jan  1 00:04:00 debian-armhf kernel: [<c04ff360>] (schedule+0x0/0x88) from [<c0041250>] (kthread+0x7c/0xa0)
Jan  1 00:04:00 debian-armhf kernel: [<c00411d4>] (kthread+0x0/0xa0) from [<c002b714>] (do_exit+0x0/0x6d4)
Jan  1 00:04:00 debian-armhf kernel: r6:c002b714 r5:c00411d4 r4:ee031ef4
Jan  1 00:06:00 debian-armhf kernel: kinteractiveup  D c04ff1dc     0   767      2 0x00000000
Jan  1 00:06:00 debian-armhf kernel: Backtrace: 
Jan  1 00:06:00 debian-armhf kernel: [<c04fee80>] (__schedule+0x0/0x4e0) from [<c04ff3e4>] (schedule+0x84/0x88)
Jan  1 00:06:00 debian-armhf kernel: [<c04ff360>] (schedule+0x0/0x88) from [<c0041250>] (kthread+0x7c/0xa0)
Jan  1 00:06:00 debian-armhf kernel: [<c00411d4>] (kthread+0x0/0xa0) from [<c002b714>] (do_exit+0x0/0x6d4)
Jan  1 00:06:00 debian-armhf kernel: r6:c002b714 r5:c00411d4 r4:ee031ef4
Jan  1 00:07:43 debian-armhf kernel: usb 1-1.2: new high-speed USB device number 5 using ns115-ehci
Jan  1 00:07:43 debian-armhf kernel: scsi0 : usb-storage 1-1.2:1.0
Jan  1 00:07:44 debian-armhf kernel: scsi 0:0:0:0: Direct-Access     TOSHIBA  TransMemory      PMAP PQ: 0 ANSI: 0 CCS
Jan  1 00:07:45 debian-armhf kernel: sd 0:0:0:0: [sda] 15622144 512-byte logical blocks: (7.99 GB/7.44 GiB)
Jan  1 00:07:45 debian-armhf kernel: sd 0:0:0:0: [sda] Write Protect is off
Jan  1 00:07:45 debian-armhf kernel: sda: sda1
Jan  1 00:07:45 debian-armhf kernel: sd 0:0:0:0: [sda] Attached SCSI removable disk
Jan  1 00:08:02 debian-armhf kernel: kinteractiveup  D c04ff1dc     0   767      2 0x00000000
Jan  1 00:08:02 debian-armhf kernel: Backtrace: 
Jan  1 00:08:02 debian-armhf kernel: [<c04fee80>] (__schedule+0x0/0x4e0) from [<c04ff3e4>] (schedule+0x84/0x88)
